2026-09-30T04:10:50.5529409Z Current runner version: '2.337.0'
2026-09-30T04:10:50.5554795Z ##[group]Runner Image Provisioner
2026-09-30T04:10:50.5555960Z Hosted Compute Agent
2026-09-30T04:10:50.5556671Z Version: 20260828.587
2026-09-30T04:10:50.5557535Z Commit: abac92662cab4cc7352de4f9f9d2e2419aad9c29
2026-09-30T04:10:50.5558389Z Build Date: 2026-08-28T16:44:25Z
2026-09-30T04:10:50.5559087Z Worker ID: {eaa2139b-d659-426a-9f71-3303a02785f5}
2026-09-30T04:10:50.5559808Z Azure Region: eastus
2026-09-30T04:10:50.5560460Z ##[endgroup]
2026-09-30T04:10:50.5561900Z ##[group]Operating System
2026-09-30T04:10:50.5562600Z Ubuntu
2026-09-30T04:10:50.5563132Z 24.04.5
2026-09-30T04:10:50.5563641Z LTS
2026-09-30T04:10:50.5564241Z ##[endgroup]
2026-09-30T04:10:50.5564839Z ##[group]Runner Image
2026-09-30T04:10:50.5565544Z Image: ubuntu-24.04
2026-09-30T04:10:50.5566133Z Version: 20260920.314.1
2026-09-30T04:10:50.5567607Z Included Software: https://github.com/actions/runner-images/blob/ubuntu24/20260920.314/images/ubuntu/Ubuntu2404-Readme.md
2026-09-30T04:10:50.5569177Z Image Release: https://github.com/actions/runner-images/releases/tag/ubuntu24%2F20260920.314
2026-09-30T04:10:50.5570192Z ##[endgroup]
2026-09-30T04:10:50.5571453Z ##[group]GITHUB_TOKEN Permissions
2026-09-30T04:10:50.5574036Z Contents: read
2026-09-30T04:10:50.5574690Z Metadata: read
2026-09-30T04:10:50.5575329Z ##[endgroup]
2026-09-30T04:10:50.5577848Z Secret source: Actions
2026-09-30T04:10:50.5578916Z Cache mode: write
2026-09-30T04:10:50.5579859Z Prepare workflow directory
2026-09-30T04:10:50.5951807Z Prepare all required actions
2026-09-30T04:10:50.5998311Z Getting action download info
2026-09-30T04:10:50.7991561Z Download action repository 'actions/checkout@v4' (SHA:11d5960a326750d5838078e36cf38b85af677262)
2026-09-30T04:10:50.9089893Z Download action repository 'actions/setup-python@v5' (SHA:a26af69be951a213d495a4c3e4e4022e16d87065)
2026-09-30T04:10:51.1588355Z Complete job name: focused
2026-09-30T04:10:51.2296202Z ##[group]Run actions/checkout@v4
2026-09-30T04:10:51.2297009Z with:
2026-09-30T04:10:51.2297656Z   repository: yz272n2tpf-lab/Btc-15min-bot
2026-09-30T04:10:51.2301494Z   token: ***
2026-09-30T04:10:51.2301929Z   ssh-strict: true
2026-09-30T04:10:51.2302359Z   ssh-user: git
2026-09-30T04:10:51.2302794Z   persist-credentials: true
2026-09-30T04:10:51.2303267Z   clean: true
2026-09-30T04:10:51.2303694Z   sparse-checkout-cone-mode: true
2026-09-30T04:10:51.2304196Z   fetch-depth: 1
2026-09-30T04:10:51.2304619Z   fetch-tags: false
2026-09-30T04:10:51.2305054Z   show-progress: true
2026-09-30T04:10:51.2305483Z   lfs: false
2026-09-30T04:10:51.2305890Z   submodules: false
2026-09-30T04:10:51.2306336Z   set-safe-directory: true
2026-09-30T04:10:51.2306820Z   allow-unsafe-pr-checkout: false
2026-09-30T04:10:51.2307607Z env:
2026-09-30T04:10:51.2308023Z   PYTHONDONTWRITEBYTECODE: 1
2026-09-30T04:10:51.2308531Z   OPENBLAS_NUM_THREADS: 1
2026-09-30T04:10:51.2308983Z ##[endgroup]
2026-09-30T04:10:51.3291024Z Syncing repository: yz272n2tpf-lab/Btc-15min-bot
2026-09-30T04:10:51.3293382Z ##[group]Getting Git version info
2026-09-30T04:10:51.3294473Z Working directory is '/home/runner/work/Btc-15min-bot/Btc-15min-bot'
2026-09-30T04:10:51.3296038Z [command]/usr/bin/git version
2026-09-30T04:10:51.3471609Z git version 2.55.0
2026-09-30T04:10:51.3490929Z ##[endgroup]
2026-09-30T04:10:51.3505639Z Temporarily overriding HOME='/home/runner/work/_temp/3a8b0614-500d-43e7-9a3f-b8df120d2d4a' before making global git config changes
2026-09-30T04:10:51.3507915Z Adding repository directory to the temporary git global config as a safe directory
2026-09-30T04:10:51.3511414Z [command]/usr/bin/git config --global --add safe.directory /home/runner/work/Btc-15min-bot/Btc-15min-bot
2026-09-30T04:10:51.3564589Z Deleting the contents of '/home/runner/work/Btc-15min-bot/Btc-15min-bot'
2026-09-30T04:10:51.3568245Z ##[group]Initializing the repository
2026-09-30T04:10:51.3572288Z [command]/usr/bin/git init /home/runner/work/Btc-15min-bot/Btc-15min-bot
2026-09-30T04:10:51.3661491Z hint: Using 'master' as the name for the initial branch. This default branch name
2026-09-30T04:10:51.3663327Z hint: will change to "main" in Git 3.0. To configure the initial branch name
2026-09-30T04:10:51.3664280Z hint: to use in all of your new repositories, which will suppress this warning,
2026-09-30T04:10:51.3665015Z hint: call:
2026-09-30T04:10:51.3665422Z hint:
2026-09-30T04:10:51.3666060Z hint: 	git config --global init.defaultBranch <name>
2026-09-30T04:10:51.3666669Z hint:
2026-09-30T04:10:51.3667510Z hint: Names commonly chosen instead of 'master' are 'main', 'trunk' and
2026-09-30T04:10:51.3668872Z hint: 'development'. The just-created branch can be renamed via this command:
2026-09-30T04:10:51.3669978Z hint:
2026-09-30T04:10:51.3670587Z hint: 	git branch -m <name>
2026-09-30T04:10:51.3671358Z hint:
2026-09-30T04:10:51.3672269Z hint: Disable this message with "git config set advice.defaultBranchName false"
2026-09-30T04:10:51.3674004Z Initialized empty Git repository in /home/runner/work/Btc-15min-bot/Btc-15min-bot/.git/
2026-09-30T04:10:51.3685197Z [command]/usr/bin/git remote add origin https://github.com/yz272n2tpf-lab/Btc-15min-bot
2026-09-30T04:10:51.3786958Z ##[endgroup]
2026-09-30T04:10:51.3788306Z ##[group]Disabling automatic garbage collection
2026-09-30T04:10:51.3793372Z [command]/usr/bin/git config --local gc.auto 0
2026-09-30T04:10:51.3831314Z ##[endgroup]
2026-09-30T04:10:51.3832439Z ##[group]Setting up auth
2026-09-30T04:10:51.3839244Z [command]/usr/bin/git config --local --name-only --get-regexp core\.sshCommand
2026-09-30T04:10:51.3878364Z [command]/usr/bin/git submodule foreach --recursive sh -c "git config --local --name-only --get-regexp 'core\.sshCommand' && git config --local --unset-all 'core.sshCommand' || :"
2026-09-30T04:10:51.4306894Z [command]/usr/bin/git config --local --name-only --get-regexp http\.https\:\/\/github\.com\/\.extraheader
2026-09-30T04:10:51.4348377Z [command]/usr/bin/git submodule foreach --recursive sh -c "git config --local --name-only --get-regexp 'http\.https\:\/\/github\.com\/\.extraheader' && git config --local --unset-all 'http.https://github.com/.extraheader' || :"
2026-09-30T04:10:51.4582212Z [command]/usr/bin/git config --local --name-only --get-regexp ^includeIf\.gitdir:
2026-09-30T04:10:51.4619473Z [command]/usr/bin/git submodule foreach --recursive git config --local --show-origin --name-only --get-regexp remote.origin.url
2026-09-30T04:10:51.4853838Z [command]/usr/bin/git config --local http.https://github.com/.extraheader AUTHORIZATION: basic ***
2026-09-30T04:10:51.4897838Z ##[endgroup]
2026-09-30T04:10:51.4899042Z ##[group]Fetching the repository
2026-09-30T04:10:51.4908771Z [command]/usr/bin/git -c protocol.version=2 fetch --no-tags --prune --no-recurse-submodules --depth=1 origin +377cab7192e76b31e4feb54ad6d8375ff8f8eb16:refs/remotes/origin/qualification/capture-repair-20260930
2026-09-30T04:10:52.6284112Z From https://github.com/yz272n2tpf-lab/Btc-15min-bot
2026-09-30T04:10:52.6286553Z  * [new ref]         377cab7192e76b31e4feb54ad6d8375ff8f8eb16 -> origin/qualification/capture-repair-20260930
2026-09-30T04:10:52.6295242Z ##[endgroup]
2026-09-30T04:10:52.6297257Z ##[group]Determining the checkout info
2026-09-30T04:10:52.6298854Z ##[endgroup]
2026-09-30T04:10:52.6299762Z [command]/usr/bin/git sparse-checkout disable
2026-09-30T04:10:52.6345162Z [command]/usr/bin/git config --local --unset-all extensions.worktreeConfig
2026-09-30T04:10:52.6376940Z ##[group]Checking out the ref
2026-09-30T04:10:52.6383106Z [command]/usr/bin/git checkout --progress --force -B qualification/capture-repair-20260930 refs/remotes/origin/qualification/capture-repair-20260930
2026-09-30T04:10:52.9559453Z Switched to a new branch 'qualification/capture-repair-20260930'
2026-09-30T04:10:52.9569381Z branch 'qualification/capture-repair-20260930' set up to track 'origin/qualification/capture-repair-20260930'.
2026-09-30T04:10:52.9575548Z ##[endgroup]
2026-09-30T04:10:52.9624932Z [command]/usr/bin/git log -1 --format=%H
2026-09-30T04:10:52.9653309Z 377cab7192e76b31e4feb54ad6d8375ff8f8eb16
2026-09-30T04:10:52.9913606Z ##[group]Run actions/setup-python@v5
2026-09-30T04:10:52.9913968Z with:
2026-09-30T04:10:52.9914229Z   python-version: 3.12.14
2026-09-30T04:10:52.9914516Z   check-latest: false
2026-09-30T04:10:52.9916967Z   token: ***
2026-09-30T04:10:52.9917506Z   update-environment: true
2026-09-30T04:10:52.9917819Z   allow-prereleases: false
2026-09-30T04:10:52.9918103Z   freethreaded: false
2026-09-30T04:10:52.9918352Z env:
2026-09-30T04:10:52.9918607Z   PYTHONDONTWRITEBYTECODE: 1
2026-09-30T04:10:52.9918901Z   OPENBLAS_NUM_THREADS: 1
2026-09-30T04:10:52.9919173Z ##[endgroup]
2026-09-30T04:10:53.1194535Z ##[group]Installed versions
2026-09-30T04:10:53.1230232Z (node:2276) [DEP0040] DeprecationWarning: The `punycode` module is deprecated. Please use a userland alternative instead.
2026-09-30T04:10:53.1231402Z (Use `node --trace-deprecation ...` to show where the warning was created)
2026-09-30T04:10:53.1232230Z Successfully set up CPython (3.12.14)
2026-09-30T04:10:53.1233055Z ##[endgroup]
2026-09-30T04:10:53.1404768Z ##[group]Run python -m pip install -r requirements.txt
2026-09-30T04:10:53.1405340Z [36;1mpython -m pip install -r requirements.txt[0m
2026-09-30T04:10:53.1683070Z shell: /usr/bin/bash -e {0}
2026-09-30T04:10:53.1683521Z env:
2026-09-30T04:10:53.1683845Z   PYTHONDONTWRITEBYTECODE: 1
2026-09-30T04:10:53.1684176Z   OPENBLAS_NUM_THREADS: 1
2026-09-30T04:10:53.1684572Z   pythonLocation: /opt/hostedtoolcache/Python/3.12.14/x64
2026-09-30T04:10:53.1685110Z   PKG_CONFIG_PATH: /opt/hostedtoolcache/Python/3.12.14/x64/lib/pkgconfig
2026-09-30T04:10:53.1685616Z   Python_ROOT_DIR: /opt/hostedtoolcache/Python/3.12.14/x64
2026-09-30T04:10:53.1686059Z   Python2_ROOT_DIR: /opt/hostedtoolcache/Python/3.12.14/x64
2026-09-30T04:10:53.1686496Z   Python3_ROOT_DIR: /opt/hostedtoolcache/Python/3.12.14/x64
2026-09-30T04:10:53.1686945Z   LD_LIBRARY_PATH: /opt/hostedtoolcache/Python/3.12.14/x64/lib
2026-09-30T04:10:53.1687628Z ##[endgroup]
2026-09-30T04:10:55.0924045Z Collecting cryptography==50.0.0 (from -r requirements.txt (line 1))
2026-09-30T04:10:55.1415580Z   Downloading cryptography-50.0.0-cp311-abi3-manylinux_2_34_x86_64.whl.metadata (4.3 kB)
2026-09-30T04:10:55.3067717Z Collecting numpy==2.5.2 (from -r requirements.txt (line 2))
2026-09-30T04:10:55.3129155Z   Downloading numpy-2.5.2-cp312-cp312-manylinux_2_27_x86_64.manylinux_2_28_x86_64.whl.metadata (6.6 kB)
2026-09-30T04:10:55.4055447Z Collecting pandas==3.0.5 (from -r requirements.txt (line 3))
2026-09-30T04:10:55.4102607Z   Downloading pandas-3.0.5-cp312-cp312-manylinux_2_24_x86_64.manylinux_2_28_x86_64.whl.metadata (79 kB)
2026-09-30T04:10:55.4620885Z Collecting requests==2.32.5 (from -r requirements.txt (line 4))
2026-09-30T04:10:55.4670887Z   Downloading requests-2.32.5-py3-none-any.whl.metadata (4.9 kB)
2026-09-30T04:10:55.5351264Z Collecting scikit-learn==1.9.0 (from -r requirements.txt (line 5))
2026-09-30T04:10:55.5405058Z   Downloading scikit_learn-1.9.0-cp312-cp312-manylinux_2_27_x86_64.manylinux_2_28_x86_64.whl.metadata (11 kB)
2026-09-30T04:10:55.6477465Z Collecting scipy==1.18.1 (from -r requirements.txt (line 6))
2026-09-30T04:10:55.6521889Z   Downloading scipy-1.18.1-cp312-cp312-manylinux_2_27_x86_64.manylinux_2_28_x86_64.whl.metadata (62 kB)
2026-09-30T04:10:55.6828227Z Collecting joblib==1.5.3 (from -r requirements.txt (line 7))
2026-09-30T04:10:55.6869942Z   Downloading joblib-1.5.3-py3-none-any.whl.metadata (5.5 kB)
2026-09-30T04:10:55.7945260Z Collecting websockets==15.0.1 (from -r requirements.txt (line 8))
2026-09-30T04:10:55.7990557Z   Downloading websockets-15.0.1-cp312-cp312-manylinux_2_5_x86_64.manylinux1_x86_64.manylinux_2_17_x86_64.manylinux2014_x86_64.whl.metadata (6.8 kB)
2026-09-30T04:10:55.8934279Z Collecting cffi>=2.0.0 (from cryptography==50.0.0->-r requirements.txt (line 1))
2026-09-30T04:10:55.8980737Z   Downloading cffi-2.1.1-cp312-cp312-manylinux2014_x86_64.manylinux_2_17_x86_64.whl.metadata (2.5 kB)
2026-09-30T04:10:55.9175069Z Collecting python-dateutil>=2.8.2 (from pandas==3.0.5->-r requirements.txt (line 3))
2026-09-30T04:10:55.9219114Z   Downloading python_dateutil-2.9.0.post0-py2.py3-none-any.whl.metadata (8.4 kB)
2026-09-30T04:10:56.0245307Z Collecting charset_normalizer<4,>=2 (from requests==2.32.5->-r requirements.txt (line 4))
2026-09-30T04:10:56.0295980Z   Downloading charset_normalizer-3.5.1-cp312-cp312-manylinux2014_x86_64.manylinux_2_17_x86_64.manylinux_2_28_x86_64.whl.metadata (45 kB)
2026-09-30T04:10:56.0460087Z Collecting idna<4,>=2.5 (from requests==2.32.5->-r requirements.txt (line 4))
2026-09-30T04:10:56.0500906Z   Downloading idna-3.20-py3-none-any.whl.metadata (7.2 kB)
2026-09-30T04:10:56.0702469Z Collecting urllib3<3,>=1.21.1 (from requests==2.32.5->-r requirements.txt (line 4))
2026-09-30T04:10:56.0742755Z   Downloading urllib3-2.8.0-py3-none-any.whl.metadata (7.4 kB)
2026-09-30T04:10:56.0932631Z Collecting certifi>=2017.4.17 (from requests==2.32.5->-r requirements.txt (line 4))
2026-09-30T04:10:56.0974106Z   Downloading certifi-2026.7.22-py3-none-any.whl.metadata (2.5 kB)
2026-09-30T04:10:56.1293203Z Collecting narwhals>=2.0.1 (from scikit-learn==1.9.0->-r requirements.txt (line 5))
2026-09-30T04:10:56.1334757Z   Downloading narwhals-2.26.0-py3-none-any.whl.metadata (15 kB)
2026-09-30T04:10:56.1472503Z Collecting threadpoolctl>=3.5.0 (from scikit-learn==1.9.0->-r requirements.txt (line 5))
2026-09-30T04:10:56.1512744Z   Downloading threadpoolctl-3.7.0-py3-none-any.whl.metadata (24 kB)
2026-09-30T04:10:56.1669257Z Collecting pycparser (from cffi>=2.0.0->cryptography==50.0.0->-r requirements.txt (line 1))
2026-09-30T04:10:56.1711954Z   Downloading pycparser-3.0-py3-none-any.whl.metadata (8.2 kB)
2026-09-30T04:10:56.1843060Z Collecting six>=1.5 (from python-dateutil>=2.8.2->pandas==3.0.5->-r requirements.txt (line 3))
2026-09-30T04:10:56.1885040Z   Downloading six-1.17.0-py2.py3-none-any.whl.metadata (1.7 kB)
2026-09-30T04:10:56.1965108Z Downloading cryptography-50.0.0-cp311-abi3-manylinux_2_34_x86_64.whl (4.7 MB)
2026-09-30T04:10:56.2457876Z    ━━━━━━━━━━━━━━━━━━━━━━━━━━━━━━━━━━━━━━━━ 4.7/4.7 MB 106.9 MB/s  0:00:00
2026-09-30T04:10:56.2509259Z Downloading numpy-2.5.2-cp312-cp312-manylinux_2_27_x86_64.manylinux_2_28_x86_64.whl (16.7 MB)
2026-09-30T04:10:56.4450716Z    ━━━━━━━━━━━━━━━━━━━━━━━━━━━━━━━━━━━━━━━━ 16.7/16.7 MB 86.4 MB/s  0:00:00
2026-09-30T04:10:56.4496166Z Downloading pandas-3.0.5-cp312-cp312-manylinux_2_24_x86_64.manylinux_2_28_x86_64.whl (11.0 MB)
2026-09-30T04:10:56.5649155Z    ━━━━━━━━━━━━━━━━━━━━━━━━━━━━━━━━━━━━━━━━ 11.0/11.0 MB 96.3 MB/s  0:00:00
2026-09-30T04:10:56.5693902Z Downloading requests-2.32.5-py3-none-any.whl (64 kB)
2026-09-30T04:10:56.5842062Z Downloading scikit_learn-1.9.0-cp312-cp312-manylinux_2_27_x86_64.manylinux_2_28_x86_64.whl (9.1 MB)
2026-09-30T04:10:56.6516637Z    ━━━━━━━━━━━━━━━━━━━━━━━━━━━━━━━━━━━━━━━━ 9.1/9.1 MB 136.6 MB/s  0:00:00
2026-09-30T04:10:56.6566322Z Downloading scipy-1.18.1-cp312-cp312-manylinux_2_27_x86_64.manylinux_2_28_x86_64.whl (35.3 MB)
2026-09-30T04:10:56.9060358Z    ━━━━━━━━━━━━━━━━━━━━━━━━━━━━━━━━━━━━━━━━ 35.3/35.3 MB 142.2 MB/s  0:00:00
2026-09-30T04:10:56.9106430Z Downloading joblib-1.5.3-py3-none-any.whl (309 kB)
2026-09-30T04:10:56.9176275Z Downloading websockets-15.0.1-cp312-cp312-manylinux_2_5_x86_64.manylinux1_x86_64.manylinux_2_17_x86_64.manylinux2014_x86_64.whl (182 kB)
2026-09-30T04:10:56.9241954Z Downloading charset_normalizer-3.5.1-cp312-cp312-manylinux2014_x86_64.manylinux_2_17_x86_64.manylinux_2_28_x86_64.whl (248 kB)
2026-09-30T04:10:56.9310905Z Downloading idna-3.20-py3-none-any.whl (69 kB)
2026-09-30T04:10:56.9381420Z Downloading urllib3-2.8.0-py3-none-any.whl (135 kB)
2026-09-30T04:10:56.9444687Z Downloading certifi-2026.7.22-py3-none-any.whl (136 kB)
2026-09-30T04:10:56.9512004Z Downloading cffi-2.1.1-cp312-cp312-manylinux2014_x86_64.manylinux_2_17_x86_64.whl (221 kB)
2026-09-30T04:10:56.9577248Z Downloading narwhals-2.26.0-py3-none-any.whl (474 kB)
2026-09-30T04:10:56.9664042Z Downloading python_dateutil-2.9.0.post0-py2.py3-none-any.whl (229 kB)
2026-09-30T04:10:56.9746047Z Downloading six-1.17.0-py2.py3-none-any.whl (11 kB)
2026-09-30T04:10:56.9810903Z Downloading threadpoolctl-3.7.0-py3-none-any.whl (26 kB)
2026-09-30T04:10:56.9883282Z Downloading pycparser-3.0-py3-none-any.whl (48 kB)
2026-09-30T04:10:57.2898508Z Installing collected packages: websockets, urllib3, threadpoolctl, six, pycparser, numpy, narwhals, joblib, idna, charset_normalizer, certifi, scipy, requests, python-dateutil, cffi, scikit-learn, pandas, cryptography
2026-09-30T04:11:12.0265693Z 
2026-09-30T04:11:12.0287353Z Successfully installed certifi-2026.7.22 cffi-2.1.1 charset_normalizer-3.5.1 cryptography-50.0.0 idna-3.20 joblib-1.5.3 narwhals-2.26.0 numpy-2.5.2 pandas-3.0.5 pycparser-3.0 python-dateutil-2.9.0.post0 requests-2.32.5 scikit-learn-1.9.0 scipy-1.18.1 six-1.17.0 threadpoolctl-3.7.0 urllib3-2.8.0 websockets-15.0.1
2026-09-30T04:11:12.1353200Z ##[group]Run python -B -m unittest capture2.test_repairs capture2.test_composition.CompositionTests.test_composed_native_tree_preserves_every_original_statement capture2.test_composition.CompositionTests.test_protected_assembly_preserves_original_strategy_ast capture2.test_composition.CompositionTests.test_composed_quote_session_off_on_exact_same_source_operations -v
2026-09-30T04:11:12.1355660Z [36;1mpython -B -m unittest capture2.test_repairs capture2.test_composition.CompositionTests.test_composed_native_tree_preserves_every_original_statement capture2.test_composition.CompositionTests.test_protected_assembly_preserves_original_strategy_ast capture2.test_composition.CompositionTests.test_composed_quote_session_off_on_exact_same_source_operations -v[0m
2026-09-30T04:11:12.1430505Z shell: /usr/bin/bash -e {0}
2026-09-30T04:11:12.1430773Z env:
2026-09-30T04:11:12.1430985Z   PYTHONDONTWRITEBYTECODE: 1
2026-09-30T04:11:12.1431247Z   OPENBLAS_NUM_THREADS: 1
2026-09-30T04:11:12.1431628Z   pythonLocation: /opt/hostedtoolcache/Python/3.12.14/x64
2026-09-30T04:11:12.1432052Z   PKG_CONFIG_PATH: /opt/hostedtoolcache/Python/3.12.14/x64/lib/pkgconfig
2026-09-30T04:11:12.1432459Z   Python_ROOT_DIR: /opt/hostedtoolcache/Python/3.12.14/x64
2026-09-30T04:11:12.1432837Z   Python2_ROOT_DIR: /opt/hostedtoolcache/Python/3.12.14/x64
2026-09-30T04:11:12.1433197Z   Python3_ROOT_DIR: /opt/hostedtoolcache/Python/3.12.14/x64
2026-09-30T04:11:12.1433578Z   LD_LIBRARY_PATH: /opt/hostedtoolcache/Python/3.12.14/x64/lib
2026-09-30T04:11:12.1433895Z ##[endgroup]
2026-09-30T04:11:12.4929348Z ROOT_CAUSE {"kernel_max_dgram_qlen": 512, "old_sent": 308, "old_error": "BlockingIOError:[Errno 11] Resource temporarily unavailable"}
2026-09-30T04:11:12.5995511Z test_kernel_queue_reproduces_old_eagain_and_buffer_preserves_burst (capture2.test_repairs.RepairKernelTests.test_kernel_queue_reproduces_old_eagain_and_buffer_preserves_burst) ... FAIL
2026-09-30T04:11:17.9241642Z WRITER_STRESS {"packets": 10000, "groups": 56, "bytes": 1380100, "transport": {"producer_id": "fixture", "observed_boot_ns": 2586894967326, "offered": 10000, "producer_dropped": 0, "producer_last_error": null, "accepted": 10000, "delivered": 10000, "last_delivered_sequence": 10000, "pending_packets": 0, "pending_bytes": 0, "retry_eagain": 236, "rejected": 0, "high_water_bytes": 14158056, "high_water_packets": 9933, "max_bytes": 16777216, "max_packets": 16384, "finished": true, "last_transport_error": null, "basis": "OFF_PATH_COUNTER_SNAPSHOT; concurrent offer may be in progress"}}
2026-09-30T04:11:17.9414569Z test_repaired_writer_retains_10000_unpaced_packets (capture2.test_repairs.RepairKernelTests.test_repaired_writer_retains_10000_unpaced_packets) ... ok
2026-09-30T04:11:18.7311141Z test_all_generated_main_python_files_compile (capture2.test_repairs.RepairUnitTests.test_all_generated_main_python_files_compile) ... ok
2026-09-30T04:11:18.7368176Z test_full_buffer_rejects_without_wait_and_loss_remains_visible (capture2.test_repairs.RepairUnitTests.test_full_buffer_rejects_without_wait_and_loss_remains_visible) ... ok
2026-09-30T04:11:18.7373342Z test_future_imports_stay_before_hooks_with_or_without_docstring (capture2.test_repairs.RepairUnitTests.test_future_imports_stay_before_hooks_with_or_without_docstring) ... ok
2026-09-30T04:11:18.8131037Z test_stalled_receiver_retries_off_thread_and_retains_every_packet (capture2.test_repairs.RepairUnitTests.test_stalled_receiver_retries_off_thread_and_retains_every_packet) ... ok
2026-09-30T04:11:18.8208110Z test_terminal_delivery_failure_is_explicit_even_without_later_packet (capture2.test_repairs.RepairUnitTests.test_terminal_delivery_failure_is_explicit_even_without_later_packet) ... ok
2026-09-30T04:11:19.0908999Z test_composed_native_tree_preserves_every_original_statement (capture2.test_composition.CompositionTests.test_composed_native_tree_preserves_every_original_statement) ... ok
2026-09-30T04:11:19.3756008Z test_protected_assembly_preserves_original_strategy_ast (capture2.test_composition.CompositionTests.test_protected_assembly_preserves_original_strategy_ast) ... ok
2026-09-30T04:11:19.3871496Z KALSHI QUOTE WS CONNECT | A | epoch=same-epoch | NO ORDERS
2026-09-30T04:11:19.4053601Z KALSHI QUOTE WS CONNECT | A | epoch=same-epoch | NO ORDERS
2026-09-30T04:11:19.4142696Z KALSHI QUOTE WS CONNECT | A | epoch=same-epoch | NO ORDERS
2026-09-30T04:11:19.4323616Z KALSHI QUOTE WS CONNECT | A | epoch=same-epoch | NO ORDERS
2026-09-30T04:11:19.4414856Z KALSHI QUOTE WS CONNECT | A | epoch=same-epoch | NO ORDERS
2026-09-30T04:11:19.4593278Z KALSHI QUOTE WS CONNECT | A | epoch=same-epoch | NO ORDERS
2026-09-30T04:11:19.4680931Z KALSHI QUOTE WS CONNECT | A | epoch=same-epoch | NO ORDERS
2026-09-30T04:11:19.4863757Z KALSHI QUOTE WS CONNECT | A | epoch=same-epoch | NO ORDERS
2026-09-30T04:11:19.4952552Z KALSHI QUOTE WS CONNECT | A | epoch=same-epoch | NO ORDERS
2026-09-30T04:11:19.5135475Z KALSHI QUOTE WS CONNECT | A | epoch=same-epoch | NO ORDERS
2026-09-30T04:11:19.5141285Z test_composed_quote_session_off_on_exact_same_source_operations (capture2.test_composition.CompositionTests.test_composed_quote_session_off_on_exact_same_source_operations) ... ok
2026-09-30T04:11:19.5142286Z 
2026-09-30T04:11:19.5142498Z ======================================================================
2026-09-30T04:11:19.5143320Z FAIL: test_kernel_queue_reproduces_old_eagain_and_buffer_preserves_burst (capture2.test_repairs.RepairKernelTests.test_kernel_queue_reproduces_old_eagain_and_buffer_preserves_burst)
2026-09-30T04:11:19.5144081Z ----------------------------------------------------------------------
2026-09-30T04:11:19.5144485Z Traceback (most recent call last):
2026-09-30T04:11:19.5150517Z   File "/home/runner/work/Btc-15min-bot/Btc-15min-bot/capture2/test_repairs.py", line 118, in test_kernel_queue_reproduces_old_eagain_and_buffer_preserves_burst
2026-09-30T04:11:19.5151374Z     self.assertEqual(p.dropped,0);self.assertGreater(p.sock.retries,0)
2026-09-30T04:11:19.5151777Z                                   ^^^^^^^^^^^^^^^^^^^^^^^^^^^^^^^^^^^^
2026-09-30T04:11:19.5152093Z AssertionError: 0 not greater than 0
2026-09-30T04:11:19.5152271Z 
2026-09-30T04:11:19.5152420Z ----------------------------------------------------------------------
2026-09-30T04:11:19.5152758Z Ran 10 tests in 7.033s
2026-09-30T04:11:19.5152898Z 
2026-09-30T04:11:19.5152990Z FAILED (failures=1)
2026-09-30T04:11:19.5837918Z ##[error]Process completed with exit code 1.
2026-09-30T04:11:19.5977913Z Post job cleanup.
2026-09-30T04:11:19.6803911Z [command]/usr/bin/git version
2026-09-30T04:11:19.6847633Z git version 2.55.0
2026-09-30T04:11:19.6883957Z Temporarily overriding HOME='/home/runner/work/_temp/5679867e-02e3-480f-9eb1-1beb69aeb862' before making global git config changes
2026-09-30T04:11:19.6885203Z Adding repository directory to the temporary git global config as a safe directory
2026-09-30T04:11:19.6890093Z [command]/usr/bin/git config --global --add safe.directory /home/runner/work/Btc-15min-bot/Btc-15min-bot
2026-09-30T04:11:19.6928520Z [command]/usr/bin/git config --local --name-only --get-regexp core\.sshCommand
2026-09-30T04:11:19.6972642Z [command]/usr/bin/git submodule foreach --recursive sh -c "git config --local --name-only --get-regexp 'core\.sshCommand' && git config --local --unset-all 'core.sshCommand' || :"
2026-09-30T04:11:19.7229101Z [command]/usr/bin/git config --local --name-only --get-regexp http\.https\:\/\/github\.com\/\.extraheader
2026-09-30T04:11:19.7264919Z http.https://github.com/.extraheader
2026-09-30T04:11:19.7277742Z [command]/usr/bin/git config --local --unset-all http.https://github.com/.extraheader
2026-09-30T04:11:19.7317464Z [command]/usr/bin/git submodule foreach --recursive sh -c "git config --local --name-only --get-regexp 'http\.https\:\/\/github\.com\/\.extraheader' && git config --local --unset-all 'http.https://github.com/.extraheader' || :"
2026-09-30T04:11:19.7598087Z [command]/usr/bin/git config --local --name-only --get-regexp ^includeIf\.gitdir:
2026-09-30T04:11:19.7635155Z [command]/usr/bin/git submodule foreach --recursive git config --local --show-origin --name-only --get-regexp remote.origin.url
2026-09-30T04:11:19.8044469Z Cleaning up orphan processes
2026-09-30T04:11:19.8316015Z ##[warning]Node.js 20 is deprecated. The following actions target Node.js 20 but are being forced to run on Node.js 24: actions/checkout@v4, actions/setup-python@v5. For more information see: https://github.blog/changelog/2025-09-19-deprecation-of-node-20-on-github-actions-runners/

