2026-09-30T04:08:19.3756835Z Current runner version: '2.337.0'
2026-09-30T04:08:19.3779694Z ##[group]Runner Image Provisioner
2026-09-30T04:08:19.3780501Z Hosted Compute Agent
2026-09-30T04:08:19.3781015Z Version: 20260828.587
2026-09-30T04:08:19.3781564Z Commit: abac92662cab4cc7352de4f9f9d2e2419aad9c29
2026-09-30T04:08:19.3782168Z Build Date: 2026-08-28T16:44:25Z
2026-09-30T04:08:19.3782721Z Worker ID: {2f478b04-55d9-4b1f-9a63-b992e65b171a}
2026-09-30T04:08:19.3783360Z Azure Region: eastus
2026-09-30T04:08:19.3783825Z ##[endgroup]
2026-09-30T04:08:19.3785194Z ##[group]Operating System
2026-09-30T04:08:19.3785831Z Ubuntu
2026-09-30T04:08:19.3786291Z 24.04.5
2026-09-30T04:08:19.3786772Z LTS
2026-09-30T04:08:19.3787245Z ##[endgroup]
2026-09-30T04:08:19.3787686Z ##[group]Runner Image
2026-09-30T04:08:19.3788225Z Image: ubuntu-24.04
2026-09-30T04:08:19.3788937Z Version: 20260920.314.1
2026-09-30T04:08:19.3790042Z Included Software: https://github.com/actions/runner-images/blob/ubuntu24/20260920.314/images/ubuntu/Ubuntu2404-Readme.md
2026-09-30T04:08:19.3791241Z Image Release: https://github.com/actions/runner-images/releases/tag/ubuntu24%2F20260920.314
2026-09-30T04:08:19.3792126Z ##[endgroup]
2026-09-30T04:08:19.3793030Z ##[group]GITHUB_TOKEN Permissions
2026-09-30T04:08:19.3794939Z Contents: read
2026-09-30T04:08:19.3795411Z Metadata: read
2026-09-30T04:08:19.3796223Z ##[endgroup]
2026-09-30T04:08:19.3797949Z Secret source: Actions
2026-09-30T04:08:19.3798990Z Cache mode: write
2026-09-30T04:08:19.3799753Z Prepare workflow directory
2026-09-30T04:08:19.4104255Z Prepare all required actions
2026-09-30T04:08:19.4143290Z Getting action download info
2026-09-30T04:08:19.6166574Z Download action repository 'actions/checkout@v4' (SHA:11d5960a326750d5838078e36cf38b85af677262)
2026-09-30T04:08:20.2068279Z Download action repository 'actions/setup-python@v5' (SHA:a26af69be951a213d495a4c3e4e4022e16d87065)
2026-09-30T04:08:20.5042034Z Complete job name: focused
2026-09-30T04:08:20.5763374Z ##[group]Run actions/checkout@v4
2026-09-30T04:08:20.5764496Z with:
2026-09-30T04:08:20.5765268Z   repository: yz272n2tpf-lab/Btc-15min-bot
2026-09-30T04:08:20.5772942Z   token: ***
2026-09-30T04:08:20.5773651Z   ssh-strict: true
2026-09-30T04:08:20.5774386Z   ssh-user: git
2026-09-30T04:08:20.5775124Z   persist-credentials: true
2026-09-30T04:08:20.5775936Z   clean: true
2026-09-30T04:08:20.5776678Z   sparse-checkout-cone-mode: true
2026-09-30T04:08:20.5777538Z   fetch-depth: 1
2026-09-30T04:08:20.5778256Z   fetch-tags: false
2026-09-30T04:08:20.5779129Z   show-progress: true
2026-09-30T04:08:20.5779876Z   lfs: false
2026-09-30T04:08:20.5780574Z   submodules: false
2026-09-30T04:08:20.5781332Z   set-safe-directory: true
2026-09-30T04:08:20.5782175Z   allow-unsafe-pr-checkout: false
2026-09-30T04:08:20.5783222Z env:
2026-09-30T04:08:20.5783925Z   PYTHONDONTWRITEBYTECODE: 1
2026-09-30T04:08:20.5784772Z   OPENBLAS_NUM_THREADS: 1
2026-09-30T04:08:20.5785554Z ##[endgroup]
2026-09-30T04:08:20.6662973Z Syncing repository: yz272n2tpf-lab/Btc-15min-bot
2026-09-30T04:08:20.6666699Z ##[group]Getting Git version info
2026-09-30T04:08:20.6668512Z Working directory is '/home/runner/work/Btc-15min-bot/Btc-15min-bot'
2026-09-30T04:08:20.6671368Z [command]/usr/bin/git version
2026-09-30T04:08:20.9131860Z git version 2.55.0
2026-09-30T04:08:20.9149546Z ##[endgroup]
2026-09-30T04:08:20.9161955Z Temporarily overriding HOME='/home/runner/work/_temp/1cea197e-35f9-4fa3-a993-c9e8cb00bb90' before making global git config changes
2026-09-30T04:08:20.9162796Z Adding repository directory to the temporary git global config as a safe directory
2026-09-30T04:08:20.9166690Z [command]/usr/bin/git config --global --add safe.directory /home/runner/work/Btc-15min-bot/Btc-15min-bot
2026-09-30T04:08:20.9520400Z Deleting the contents of '/home/runner/work/Btc-15min-bot/Btc-15min-bot'
2026-09-30T04:08:20.9524022Z ##[group]Initializing the repository
2026-09-30T04:08:20.9527594Z [command]/usr/bin/git init /home/runner/work/Btc-15min-bot/Btc-15min-bot
2026-09-30T04:08:21.0163897Z hint: Using 'master' as the name for the initial branch. This default branch name
2026-09-30T04:08:21.0164994Z hint: will change to "main" in Git 3.0. To configure the initial branch name
2026-09-30T04:08:21.0165658Z hint: to use in all of your new repositories, which will suppress this warning,
2026-09-30T04:08:21.0166096Z hint: call:
2026-09-30T04:08:21.0166376Z hint:
2026-09-30T04:08:21.0166784Z hint: 	git config --global init.defaultBranch <name>
2026-09-30T04:08:21.0167122Z hint:
2026-09-30T04:08:21.0167398Z hint: Names commonly chosen instead of 'master' are 'main', 'trunk' and
2026-09-30T04:08:21.0167828Z hint: 'development'. The just-created branch can be renamed via this command:
2026-09-30T04:08:21.0168181Z hint:
2026-09-30T04:08:21.0168378Z hint: 	git branch -m <name>
2026-09-30T04:08:21.0168788Z hint:
2026-09-30T04:08:21.0169085Z hint: Disable this message with "git config set advice.defaultBranchName false"
2026-09-30T04:08:21.0169622Z Initialized empty Git repository in /home/runner/work/Btc-15min-bot/Btc-15min-bot/.git/
2026-09-30T04:08:21.0174530Z [command]/usr/bin/git remote add origin https://github.com/yz272n2tpf-lab/Btc-15min-bot
2026-09-30T04:08:21.0508545Z ##[endgroup]
2026-09-30T04:08:21.0509190Z ##[group]Disabling automatic garbage collection
2026-09-30T04:08:21.0512204Z [command]/usr/bin/git config --local gc.auto 0
2026-09-30T04:08:21.0544174Z ##[endgroup]
2026-09-30T04:08:21.0544734Z ##[group]Setting up auth
2026-09-30T04:08:21.0550313Z [command]/usr/bin/git config --local --name-only --get-regexp core\.sshCommand
2026-09-30T04:08:21.0578528Z [command]/usr/bin/git submodule foreach --recursive sh -c "git config --local --name-only --get-regexp 'core\.sshCommand' && git config --local --unset-all 'core.sshCommand' || :"
2026-09-30T04:08:21.3291795Z [command]/usr/bin/git config --local --name-only --get-regexp http\.https\:\/\/github\.com\/\.extraheader
2026-09-30T04:08:21.3323887Z [command]/usr/bin/git submodule foreach --recursive sh -c "git config --local --name-only --get-regexp 'http\.https\:\/\/github\.com\/\.extraheader' && git config --local --unset-all 'http.https://github.com/.extraheader' || :"
2026-09-30T04:08:21.3527135Z [command]/usr/bin/git config --local --name-only --get-regexp ^includeIf\.gitdir:
2026-09-30T04:08:21.3559461Z [command]/usr/bin/git submodule foreach --recursive git config --local --show-origin --name-only --get-regexp remote.origin.url
2026-09-30T04:08:21.3762865Z [command]/usr/bin/git config --local http.https://github.com/.extraheader AUTHORIZATION: basic ***
2026-09-30T04:08:21.3803656Z ##[endgroup]
2026-09-30T04:08:21.3804361Z ##[group]Fetching the repository
2026-09-30T04:08:21.3813898Z [command]/usr/bin/git -c protocol.version=2 fetch --no-tags --prune --no-recurse-submodules --depth=1 origin +2110b16b0269a1b6dae318460f0e68742e81bfa0:refs/remotes/origin/qualification/capture-repair-20260930
2026-09-30T04:08:22.6045514Z From https://github.com/yz272n2tpf-lab/Btc-15min-bot
2026-09-30T04:08:22.6046404Z  * [new ref]         2110b16b0269a1b6dae318460f0e68742e81bfa0 -> origin/qualification/capture-repair-20260930
2026-09-30T04:08:22.6049323Z ##[endgroup]
2026-09-30T04:08:22.6049786Z ##[group]Determining the checkout info
2026-09-30T04:08:22.6056381Z ##[endgroup]
2026-09-30T04:08:22.6057420Z [command]/usr/bin/git sparse-checkout disable
2026-09-30T04:08:22.6221385Z [command]/usr/bin/git config --local --unset-all extensions.worktreeConfig
2026-09-30T04:08:22.6249361Z ##[group]Checking out the ref
2026-09-30T04:08:22.6253164Z [command]/usr/bin/git checkout --progress --force -B qualification/capture-repair-20260930 refs/remotes/origin/qualification/capture-repair-20260930
2026-09-30T04:08:22.8880414Z Switched to a new branch 'qualification/capture-repair-20260930'
2026-09-30T04:08:22.8883778Z branch 'qualification/capture-repair-20260930' set up to track 'origin/qualification/capture-repair-20260930'.
2026-09-30T04:08:22.8894988Z ##[endgroup]
2026-09-30T04:08:22.8939054Z [command]/usr/bin/git log -1 --format=%H
2026-09-30T04:08:22.8962651Z 2110b16b0269a1b6dae318460f0e68742e81bfa0
2026-09-30T04:08:22.9176686Z ##[group]Run actions/setup-python@v5
2026-09-30T04:08:22.9176949Z with:
2026-09-30T04:08:22.9177117Z   python-version: 3.12.14
2026-09-30T04:08:22.9177308Z   check-latest: false
2026-09-30T04:08:22.9179648Z   token: ***
2026-09-30T04:08:22.9179843Z   update-environment: true
2026-09-30T04:08:22.9180044Z   allow-prereleases: false
2026-09-30T04:08:22.9180230Z   freethreaded: false
2026-09-30T04:08:22.9180402Z env:
2026-09-30T04:08:22.9180570Z   PYTHONDONTWRITEBYTECODE: 1
2026-09-30T04:08:22.9180776Z   OPENBLAS_NUM_THREADS: 1
2026-09-30T04:08:22.9180971Z ##[endgroup]
2026-09-30T04:08:23.0220168Z ##[group]Installed versions
2026-09-30T04:08:23.0401338Z (node:2062) [DEP0040] DeprecationWarning: The `punycode` module is deprecated. Please use a userland alternative instead.
2026-09-30T04:08:23.0402056Z (Use `node --trace-deprecation ...` to show where the warning was created)
2026-09-30T04:08:23.0402614Z Successfully set up CPython (3.12.14)
2026-09-30T04:08:23.0408251Z ##[endgroup]
2026-09-30T04:08:23.0554691Z ##[group]Run python -m pip install -r requirements.txt
2026-09-30T04:08:23.0555082Z [36;1mpython -m pip install -r requirements.txt[0m
2026-09-30T04:08:23.2633524Z shell: /usr/bin/bash -e {0}
2026-09-30T04:08:23.2633813Z env:
2026-09-30T04:08:23.2634008Z   PYTHONDONTWRITEBYTECODE: 1
2026-09-30T04:08:23.2634226Z   OPENBLAS_NUM_THREADS: 1
2026-09-30T04:08:23.2634486Z   pythonLocation: /opt/hostedtoolcache/Python/3.12.14/x64
2026-09-30T04:08:23.2634843Z   PKG_CONFIG_PATH: /opt/hostedtoolcache/Python/3.12.14/x64/lib/pkgconfig
2026-09-30T04:08:23.2635179Z   Python_ROOT_DIR: /opt/hostedtoolcache/Python/3.12.14/x64
2026-09-30T04:08:23.2635485Z   Python2_ROOT_DIR: /opt/hostedtoolcache/Python/3.12.14/x64
2026-09-30T04:08:23.2635783Z   Python3_ROOT_DIR: /opt/hostedtoolcache/Python/3.12.14/x64
2026-09-30T04:08:23.2636078Z   LD_LIBRARY_PATH: /opt/hostedtoolcache/Python/3.12.14/x64/lib
2026-09-30T04:08:23.2636331Z ##[endgroup]
2026-09-30T04:08:26.3405571Z Collecting cryptography==50.0.0 (from -r requirements.txt (line 1))
2026-09-30T04:08:26.3853704Z   Downloading cryptography-50.0.0-cp311-abi3-manylinux_2_34_x86_64.whl.metadata (4.3 kB)
2026-09-30T04:08:26.5179755Z Collecting numpy==2.5.2 (from -r requirements.txt (line 2))
2026-09-30T04:08:26.5226178Z   Downloading numpy-2.5.2-cp312-cp312-manylinux_2_27_x86_64.manylinux_2_28_x86_64.whl.metadata (6.6 kB)
2026-09-30T04:08:26.6754123Z Collecting pandas==3.0.5 (from -r requirements.txt (line 3))
2026-09-30T04:08:26.6793330Z   Downloading pandas-3.0.5-cp312-cp312-manylinux_2_24_x86_64.manylinux_2_28_x86_64.whl.metadata (79 kB)
2026-09-30T04:08:26.7520062Z Collecting requests==2.32.5 (from -r requirements.txt (line 4))
2026-09-30T04:08:26.7553119Z   Downloading requests-2.32.5-py3-none-any.whl.metadata (4.9 kB)
2026-09-30T04:08:26.8105087Z Collecting scikit-learn==1.9.0 (from -r requirements.txt (line 5))
2026-09-30T04:08:26.8145512Z   Downloading scikit_learn-1.9.0-cp312-cp312-manylinux_2_27_x86_64.manylinux_2_28_x86_64.whl.metadata (11 kB)
2026-09-30T04:08:26.9192086Z Collecting scipy==1.18.1 (from -r requirements.txt (line 6))
2026-09-30T04:08:26.9228281Z   Downloading scipy-1.18.1-cp312-cp312-manylinux_2_27_x86_64.manylinux_2_28_x86_64.whl.metadata (62 kB)
2026-09-30T04:08:26.9556300Z Collecting joblib==1.5.3 (from -r requirements.txt (line 7))
2026-09-30T04:08:26.9590588Z   Downloading joblib-1.5.3-py3-none-any.whl.metadata (5.5 kB)
2026-09-30T04:08:27.0462115Z Collecting websockets==15.0.1 (from -r requirements.txt (line 8))
2026-09-30T04:08:27.0500298Z   Downloading websockets-15.0.1-cp312-cp312-manylinux_2_5_x86_64.manylinux1_x86_64.manylinux_2_17_x86_64.manylinux2014_x86_64.whl.metadata (6.8 kB)
2026-09-30T04:08:27.3450061Z Collecting cffi>=2.0.0 (from cryptography==50.0.0->-r requirements.txt (line 1))
2026-09-30T04:08:27.3489101Z   Downloading cffi-2.1.1-cp312-cp312-manylinux2014_x86_64.manylinux_2_17_x86_64.whl.metadata (2.5 kB)
2026-09-30T04:08:27.3953253Z Collecting python-dateutil>=2.8.2 (from pandas==3.0.5->-r requirements.txt (line 3))
2026-09-30T04:08:27.3992419Z   Downloading python_dateutil-2.9.0.post0-py2.py3-none-any.whl.metadata (8.4 kB)
2026-09-30T04:08:27.4801885Z Collecting charset_normalizer<4,>=2 (from requests==2.32.5->-r requirements.txt (line 4))
2026-09-30T04:08:27.4839474Z   Downloading charset_normalizer-3.5.1-cp312-cp312-manylinux2014_x86_64.manylinux_2_17_x86_64.manylinux_2_28_x86_64.whl.metadata (45 kB)
2026-09-30T04:08:27.5169833Z Collecting idna<4,>=2.5 (from requests==2.32.5->-r requirements.txt (line 4))
2026-09-30T04:08:27.5226326Z   Downloading idna-3.20-py3-none-any.whl.metadata (7.2 kB)
2026-09-30T04:08:27.6235112Z Collecting urllib3<3,>=1.21.1 (from requests==2.32.5->-r requirements.txt (line 4))
2026-09-30T04:08:27.6272273Z   Downloading urllib3-2.8.0-py3-none-any.whl.metadata (7.4 kB)
2026-09-30T04:08:27.7596377Z Collecting certifi>=2017.4.17 (from requests==2.32.5->-r requirements.txt (line 4))
2026-09-30T04:08:27.7633541Z   Downloading certifi-2026.7.22-py3-none-any.whl.metadata (2.5 kB)
2026-09-30T04:08:27.8788103Z Collecting narwhals>=2.0.1 (from scikit-learn==1.9.0->-r requirements.txt (line 5))
2026-09-30T04:08:27.8824535Z   Downloading narwhals-2.26.0-py3-none-any.whl.metadata (15 kB)
2026-09-30T04:08:27.9759411Z Collecting threadpoolctl>=3.5.0 (from scikit-learn==1.9.0->-r requirements.txt (line 5))
2026-09-30T04:08:27.9797184Z   Downloading threadpoolctl-3.7.0-py3-none-any.whl.metadata (24 kB)
2026-09-30T04:08:27.9941687Z Collecting pycparser (from cffi>=2.0.0->cryptography==50.0.0->-r requirements.txt (line 1))
2026-09-30T04:08:27.9985254Z   Downloading pycparser-3.0-py3-none-any.whl.metadata (8.2 kB)
2026-09-30T04:08:28.0091084Z Collecting six>=1.5 (from python-dateutil>=2.8.2->pandas==3.0.5->-r requirements.txt (line 3))
2026-09-30T04:08:28.0125658Z   Downloading six-1.17.0-py2.py3-none-any.whl.metadata (1.7 kB)
2026-09-30T04:08:28.0194811Z Downloading cryptography-50.0.0-cp311-abi3-manylinux_2_34_x86_64.whl (4.7 MB)
2026-09-30T04:08:28.0932463Z    ━━━━━━━━━━━━━━━━━━━━━━━━━━━━━━━━━━━━━━━━ 4.7/4.7 MB 67.3 MB/s  0:00:00
2026-09-30T04:08:28.0984952Z Downloading numpy-2.5.2-cp312-cp312-manylinux_2_27_x86_64.manylinux_2_28_x86_64.whl (16.7 MB)
2026-09-30T04:08:28.3001203Z    ━━━━━━━━━━━━━━━━━━━━━━━━━━━━━━━━━━━━━━━━ 16.7/16.7 MB 83.2 MB/s  0:00:00
2026-09-30T04:08:28.3049428Z Downloading pandas-3.0.5-cp312-cp312-manylinux_2_24_x86_64.manylinux_2_28_x86_64.whl (11.0 MB)
2026-09-30T04:08:28.4278127Z    ━━━━━━━━━━━━━━━━━━━━━━━━━━━━━━━━━━━━━━━━ 11.0/11.0 MB 88.9 MB/s  0:00:00
2026-09-30T04:08:28.4317779Z Downloading requests-2.32.5-py3-none-any.whl (64 kB)
2026-09-30T04:08:28.4370439Z Downloading scikit_learn-1.9.0-cp312-cp312-manylinux_2_27_x86_64.manylinux_2_28_x86_64.whl (9.1 MB)
2026-09-30T04:08:28.5093913Z    ━━━━━━━━━━━━━━━━━━━━━━━━━━━━━━━━━━━━━━━━ 9.1/9.1 MB 126.4 MB/s  0:00:00
2026-09-30T04:08:28.5136860Z Downloading scipy-1.18.1-cp312-cp312-manylinux_2_27_x86_64.manylinux_2_28_x86_64.whl (35.3 MB)
2026-09-30T04:08:28.7663651Z    ━━━━━━━━━━━━━━━━━━━━━━━━━━━━━━━━━━━━━━━━ 35.3/35.3 MB 140.2 MB/s  0:00:00
2026-09-30T04:08:28.7700543Z Downloading joblib-1.5.3-py3-none-any.whl (309 kB)
2026-09-30T04:08:28.7761330Z Downloading websockets-15.0.1-cp312-cp312-manylinux_2_5_x86_64.manylinux1_x86_64.manylinux_2_17_x86_64.manylinux2014_x86_64.whl (182 kB)
2026-09-30T04:08:28.7816999Z Downloading charset_normalizer-3.5.1-cp312-cp312-manylinux2014_x86_64.manylinux_2_17_x86_64.manylinux_2_28_x86_64.whl (248 kB)
2026-09-30T04:08:28.7867935Z Downloading idna-3.20-py3-none-any.whl (69 kB)
2026-09-30T04:08:28.7916229Z Downloading urllib3-2.8.0-py3-none-any.whl (135 kB)
2026-09-30T04:08:28.7967751Z Downloading certifi-2026.7.22-py3-none-any.whl (136 kB)
2026-09-30T04:08:28.8022700Z Downloading cffi-2.1.1-cp312-cp312-manylinux2014_x86_64.manylinux_2_17_x86_64.whl (221 kB)
2026-09-30T04:08:28.8074786Z Downloading narwhals-2.26.0-py3-none-any.whl (474 kB)
2026-09-30T04:08:28.8137160Z Downloading python_dateutil-2.9.0.post0-py2.py3-none-any.whl (229 kB)
2026-09-30T04:08:28.8197733Z Downloading six-1.17.0-py2.py3-none-any.whl (11 kB)
2026-09-30T04:08:28.8244817Z Downloading threadpoolctl-3.7.0-py3-none-any.whl (26 kB)
2026-09-30T04:08:28.8291953Z Downloading pycparser-3.0-py3-none-any.whl (48 kB)
2026-09-30T04:08:29.1529256Z Installing collected packages: websockets, urllib3, threadpoolctl, six, pycparser, numpy, narwhals, joblib, idna, charset_normalizer, certifi, scipy, requests, python-dateutil, cffi, scikit-learn, pandas, cryptography
2026-09-30T04:08:41.2173525Z 
2026-09-30T04:08:41.2191414Z Successfully installed certifi-2026.7.22 cffi-2.1.1 charset_normalizer-3.5.1 cryptography-50.0.0 idna-3.20 joblib-1.5.3 narwhals-2.26.0 numpy-2.5.2 pandas-3.0.5 pycparser-3.0 python-dateutil-2.9.0.post0 requests-2.32.5 scikit-learn-1.9.0 scipy-1.18.1 six-1.17.0 threadpoolctl-3.7.0 urllib3-2.8.0 websockets-15.0.1
2026-09-30T04:08:41.3026006Z ##[group]Run python -B -m unittest capture2.test_repairs capture2.test_composition.CompositionTests.test_composed_native_tree_preserves_every_original_statement capture2.test_composition.CompositionTests.test_protected_assembly_preserves_original_strategy_ast capture2.test_composition.CompositionTests.test_composed_quote_session_off_on_exact_same_source_operations -v
2026-09-30T04:08:41.3028015Z [36;1mpython -B -m unittest capture2.test_repairs capture2.test_composition.CompositionTests.test_composed_native_tree_preserves_every_original_statement capture2.test_composition.CompositionTests.test_protected_assembly_preserves_original_strategy_ast capture2.test_composition.CompositionTests.test_composed_quote_session_off_on_exact_same_source_operations -v[0m
2026-09-30T04:08:41.3084844Z shell: /usr/bin/bash -e {0}
2026-09-30T04:08:41.3085046Z env:
2026-09-30T04:08:41.3085220Z   PYTHONDONTWRITEBYTECODE: 1
2026-09-30T04:08:41.3085418Z   OPENBLAS_NUM_THREADS: 1
2026-09-30T04:08:41.3085716Z   pythonLocation: /opt/hostedtoolcache/Python/3.12.14/x64
2026-09-30T04:08:41.3086051Z   PKG_CONFIG_PATH: /opt/hostedtoolcache/Python/3.12.14/x64/lib/pkgconfig
2026-09-30T04:08:41.3086375Z   Python_ROOT_DIR: /opt/hostedtoolcache/Python/3.12.14/x64
2026-09-30T04:08:41.3086671Z   Python2_ROOT_DIR: /opt/hostedtoolcache/Python/3.12.14/x64
2026-09-30T04:08:41.3086956Z   Python3_ROOT_DIR: /opt/hostedtoolcache/Python/3.12.14/x64
2026-09-30T04:08:41.3087240Z   LD_LIBRARY_PATH: /opt/hostedtoolcache/Python/3.12.14/x64/lib
2026-09-30T04:08:41.3087494Z ##[endgroup]
2026-09-30T04:08:42.2492164Z test_kernel_queue_reproduces_old_eagain_and_buffer_preserves_burst (capture2.test_repairs.RepairKernelTests.test_kernel_queue_reproduces_old_eagain_and_buffer_preserves_burst) ... FAIL
2026-09-30T04:08:42.6447729Z test_repaired_writer_retains_10000_unpaced_packets (capture2.test_repairs.RepairKernelTests.test_repaired_writer_retains_10000_unpaced_packets) ... FAIL
2026-09-30T04:08:43.1873432Z test_all_generated_main_python_files_compile (capture2.test_repairs.RepairUnitTests.test_all_generated_main_python_files_compile) ... ok
2026-09-30T04:08:43.1929278Z test_full_buffer_rejects_without_wait_and_loss_remains_visible (capture2.test_repairs.RepairUnitTests.test_full_buffer_rejects_without_wait_and_loss_remains_visible) ... ok
2026-09-30T04:08:43.1933575Z test_future_imports_stay_before_hooks_with_or_without_docstring (capture2.test_repairs.RepairUnitTests.test_future_imports_stay_before_hooks_with_or_without_docstring) ... ok
2026-09-30T04:08:43.2548208Z test_stalled_receiver_retries_off_thread_and_retains_every_packet (capture2.test_repairs.RepairUnitTests.test_stalled_receiver_retries_off_thread_and_retains_every_packet) ... ok
2026-09-30T04:08:43.2577333Z test_terminal_delivery_failure_is_explicit_even_without_later_packet (capture2.test_repairs.RepairUnitTests.test_terminal_delivery_failure_is_explicit_even_without_later_packet) ... ok
2026-09-30T04:08:43.4866572Z test_composed_native_tree_preserves_every_original_statement (capture2.test_composition.CompositionTests.test_composed_native_tree_preserves_every_original_statement) ... ok
2026-09-30T04:08:43.5499199Z test_protected_assembly_preserves_original_strategy_ast (capture2.test_composition.CompositionTests.test_protected_assembly_preserves_original_strategy_ast) ... ok
2026-09-30T04:08:43.5595441Z KALSHI QUOTE WS CONNECT | A | epoch=same-epoch | NO ORDERS
2026-09-30T04:08:43.5742740Z KALSHI QUOTE WS CONNECT | A | epoch=same-epoch | NO ORDERS
2026-09-30T04:08:43.5815077Z KALSHI QUOTE WS CONNECT | A | epoch=same-epoch | NO ORDERS
2026-09-30T04:08:43.5960889Z KALSHI QUOTE WS CONNECT | A | epoch=same-epoch | NO ORDERS
2026-09-30T04:08:43.6032940Z KALSHI QUOTE WS CONNECT | A | epoch=same-epoch | NO ORDERS
2026-09-30T04:08:43.6177918Z KALSHI QUOTE WS CONNECT | A | epoch=same-epoch | NO ORDERS
2026-09-30T04:08:43.6248319Z KALSHI QUOTE WS CONNECT | A | epoch=same-epoch | NO ORDERS
2026-09-30T04:08:43.6394450Z KALSHI QUOTE WS CONNECT | A | epoch=same-epoch | NO ORDERS
2026-09-30T04:08:43.6465906Z KALSHI QUOTE WS CONNECT | A | epoch=same-epoch | NO ORDERS
2026-09-30T04:08:43.6612419Z KALSHI QUOTE WS CONNECT | A | epoch=same-epoch | NO ORDERS
2026-09-30T04:08:43.6616915Z test_composed_quote_session_off_on_exact_same_source_operations (capture2.test_composition.CompositionTests.test_composed_quote_session_off_on_exact_same_source_operations) ... ok
2026-09-30T04:08:43.6617486Z 
2026-09-30T04:08:43.6617598Z ======================================================================
2026-09-30T04:08:43.6618507Z FAIL: test_kernel_queue_reproduces_old_eagain_and_buffer_preserves_burst (capture2.test_repairs.RepairKernelTests.test_kernel_queue_reproduces_old_eagain_and_buffer_preserves_burst)
2026-09-30T04:08:43.6619618Z ----------------------------------------------------------------------
2026-09-30T04:08:43.6619939Z Traceback (most recent call last):
2026-09-30T04:08:43.6625997Z   File "/home/runner/work/Btc-15min-bot/Btc-15min-bot/capture2/test_repairs.py", line 107, in test_kernel_queue_reproduces_old_eagain_and_buffer_preserves_burst
2026-09-30T04:08:43.6626724Z     self.assertGreater(old.dropped,0);self.assertIn('BlockingIOError',old.last_error)
2026-09-30T04:08:43.6627066Z     ^^^^^^^^^^^^^^^^^^^^^^^^^^^^^^^^^
2026-09-30T04:08:43.6627280Z AssertionError: 0 not greater than 0
2026-09-30T04:08:43.6627424Z 
2026-09-30T04:08:43.6627522Z ======================================================================
2026-09-30T04:08:43.6628045Z FAIL: test_repaired_writer_retains_10000_unpaced_packets (capture2.test_repairs.RepairKernelTests.test_repaired_writer_retains_10000_unpaced_packets)
2026-09-30T04:08:43.6628766Z ----------------------------------------------------------------------
2026-09-30T04:08:43.6629053Z Traceback (most recent call last):
2026-09-30T04:08:43.6629588Z   File "/home/runner/work/Btc-15min-bot/Btc-15min-bot/capture2/test_repairs.py", line 134, in test_repaired_writer_retains_10000_unpaced_packets
2026-09-30T04:08:43.6630207Z     for i in range(10000):self.assertTrue(p.offer('OBSERVED',{'index':i,'quote':str(i)*200}),p.last_error)
2026-09-30T04:08:43.6630605Z                           ^^^^^^^^^^^^^^^^^^^^^^^^^^^^^^^^^^^^^^^^^^^^^^^^^^^^^^^^^^^^^^^^^^^^^^^^^^^^^^^^
2026-09-30T04:08:43.6630966Z AssertionError: False is not true : BufferError:CAPTURE_BUFFER_FULL
2026-09-30T04:08:43.6631194Z 
2026-09-30T04:08:43.6631309Z ----------------------------------------------------------------------
2026-09-30T04:08:43.6631568Z Ran 10 tests in 1.416s
2026-09-30T04:08:43.6631686Z 
2026-09-30T04:08:43.6631752Z FAILED (failures=2)
2026-09-30T04:08:43.7144356Z ##[error]Process completed with exit code 1.
2026-09-30T04:08:43.7254678Z Post job cleanup.
2026-09-30T04:08:43.7925735Z [command]/usr/bin/git version
2026-09-30T04:08:43.7957630Z git version 2.55.0
2026-09-30T04:08:43.7986214Z Temporarily overriding HOME='/home/runner/work/_temp/69075954-5d81-4536-aa7a-0afb039e3f84' before making global git config changes
2026-09-30T04:08:43.7987119Z Adding repository directory to the temporary git global config as a safe directory
2026-09-30T04:08:43.7991557Z [command]/usr/bin/git config --global --add safe.directory /home/runner/work/Btc-15min-bot/Btc-15min-bot
2026-09-30T04:08:43.8025749Z [command]/usr/bin/git config --local --name-only --get-regexp core\.sshCommand
2026-09-30T04:08:43.8056954Z [command]/usr/bin/git submodule foreach --recursive sh -c "git config --local --name-only --get-regexp 'core\.sshCommand' && git config --local --unset-all 'core.sshCommand' || :"
2026-09-30T04:08:43.8280665Z [command]/usr/bin/git config --local --name-only --get-regexp http\.https\:\/\/github\.com\/\.extraheader
2026-09-30T04:08:43.8305081Z http.https://github.com/.extraheader
2026-09-30T04:08:43.8314333Z [command]/usr/bin/git config --local --unset-all http.https://github.com/.extraheader
2026-09-30T04:08:43.8345310Z [command]/usr/bin/git submodule foreach --recursive sh -c "git config --local --name-only --get-regexp 'http\.https\:\/\/github\.com\/\.extraheader' && git config --local --unset-all 'http.https://github.com/.extraheader' || :"
2026-09-30T04:08:43.8569084Z [command]/usr/bin/git config --local --name-only --get-regexp ^includeIf\.gitdir:
2026-09-30T04:08:43.8606057Z [command]/usr/bin/git submodule foreach --recursive git config --local --show-origin --name-only --get-regexp remote.origin.url
2026-09-30T04:08:43.8944419Z Cleaning up orphan processes
2026-09-30T04:08:43.9167624Z ##[warning]Node.js 20 is deprecated. The following actions target Node.js 20 but are being forced to run on Node.js 24: actions/checkout@v4, actions/setup-python@v5. For more information see: https://github.blog/changelog/2025-09-19-deprecation-of-node-20-on-github-actions-runners/

