2026-09-30T04:47:39.2337508Z Current runner version: '2.337.0'
2026-09-30T04:47:39.2363464Z ##[group]Runner Image Provisioner
2026-09-30T04:47:39.2364409Z Hosted Compute Agent
2026-09-30T04:47:39.2365657Z Version: 20260828.587
2026-09-30T04:47:39.2366443Z Commit: abac92662cab4cc7352de4f9f9d2e2419aad9c29
2026-09-30T04:47:39.2367173Z Build Date: 2026-08-28T16:44:25Z
2026-09-30T04:47:39.2367988Z Worker ID: {fae4b1c6-747e-48e5-8f85-0785fd7cb617}
2026-09-30T04:47:39.2368803Z Azure Region: westus
2026-09-30T04:47:39.2369456Z ##[endgroup]
2026-09-30T04:47:39.2371215Z ##[group]Operating System
2026-09-30T04:47:39.2371862Z Ubuntu
2026-09-30T04:47:39.2372466Z 24.04.5
2026-09-30T04:47:39.2372972Z LTS
2026-09-30T04:47:39.2373492Z ##[endgroup]
2026-09-30T04:47:39.2374097Z ##[group]Runner Image
2026-09-30T04:47:39.2374680Z Image: ubuntu-24.04
2026-09-30T04:47:39.2375671Z Version: 20260920.314.1
2026-09-30T04:47:39.2376941Z Included Software: https://github.com/actions/runner-images/blob/ubuntu24/20260920.314/images/ubuntu/Ubuntu2404-Readme.md
2026-09-30T04:47:39.2378548Z Image Release: https://github.com/actions/runner-images/releases/tag/ubuntu24%2F20260920.314
2026-09-30T04:47:39.2379531Z ##[endgroup]
2026-09-30T04:47:39.2380643Z ##[group]GITHUB_TOKEN Permissions
2026-09-30T04:47:39.2382849Z Contents: read
2026-09-30T04:47:39.2383533Z Metadata: read
2026-09-30T04:47:39.2384087Z ##[endgroup]
2026-09-30T04:47:39.2386399Z Secret source: Actions
2026-09-30T04:47:39.2387971Z Cache mode: write
2026-09-30T04:47:39.2388829Z Prepare workflow directory
2026-09-30T04:47:39.2857834Z Prepare all required actions
2026-09-30T04:47:39.2908313Z Getting action download info
2026-09-30T04:47:39.6526755Z Download action repository 'actions/checkout@v4' (SHA:11d5960a326750d5838078e36cf38b85af677262)
2026-09-30T04:47:39.7536384Z Download action repository 'actions/setup-python@v5' (SHA:a26af69be951a213d495a4c3e4e4022e16d87065)
2026-09-30T04:47:39.9382977Z Complete job name: focused
2026-09-30T04:47:40.0169263Z ##[group]Run actions/checkout@v4
2026-09-30T04:47:40.0170193Z with:
2026-09-30T04:47:40.0170750Z   repository: yz272n2tpf-lab/Btc-15min-bot
2026-09-30T04:47:40.0174575Z   token: ***
2026-09-30T04:47:40.0175213Z   ssh-strict: true
2026-09-30T04:47:40.0175664Z   ssh-user: git
2026-09-30T04:47:40.0176106Z   persist-credentials: true
2026-09-30T04:47:40.0176594Z   clean: true
2026-09-30T04:47:40.0177039Z   sparse-checkout-cone-mode: true
2026-09-30T04:47:40.0177572Z   fetch-depth: 1
2026-09-30T04:47:40.0178008Z   fetch-tags: false
2026-09-30T04:47:40.0178450Z   show-progress: true
2026-09-30T04:47:40.0178894Z   lfs: false
2026-09-30T04:47:40.0179315Z   submodules: false
2026-09-30T04:47:40.0179769Z   set-safe-directory: true
2026-09-30T04:47:40.0180274Z   allow-unsafe-pr-checkout: false
2026-09-30T04:47:40.0181035Z env:
2026-09-30T04:47:40.0181467Z   PYTHONDONTWRITEBYTECODE: 1
2026-09-30T04:47:40.0181978Z   OPENBLAS_NUM_THREADS: 1
2026-09-30T04:47:40.0182438Z ##[endgroup]
2026-09-30T04:47:40.1292651Z Syncing repository: yz272n2tpf-lab/Btc-15min-bot
2026-09-30T04:47:40.1295312Z ##[group]Getting Git version info
2026-09-30T04:47:40.1296218Z Working directory is '/home/runner/work/Btc-15min-bot/Btc-15min-bot'
2026-09-30T04:47:40.1297352Z [command]/usr/bin/git version
2026-09-30T04:47:40.1387583Z git version 2.55.0
2026-09-30T04:47:40.1413663Z ##[endgroup]
2026-09-30T04:47:40.1433341Z Temporarily overriding HOME='/home/runner/work/_temp/25e06002-0d63-4916-96b3-c31f076d7aca' before making global git config changes
2026-09-30T04:47:40.1436115Z Adding repository directory to the temporary git global config as a safe directory
2026-09-30T04:47:40.1442545Z [command]/usr/bin/git config --global --add safe.directory /home/runner/work/Btc-15min-bot/Btc-15min-bot
2026-09-30T04:47:40.1501255Z Deleting the contents of '/home/runner/work/Btc-15min-bot/Btc-15min-bot'
2026-09-30T04:47:40.1507425Z ##[group]Initializing the repository
2026-09-30T04:47:40.1512472Z [command]/usr/bin/git init /home/runner/work/Btc-15min-bot/Btc-15min-bot
2026-09-30T04:47:40.1632637Z hint: Using 'master' as the name for the initial branch. This default branch name
2026-09-30T04:47:40.1634717Z hint: will change to "main" in Git 3.0. To configure the initial branch name
2026-09-30T04:47:40.1637045Z hint: to use in all of your new repositories, which will suppress this warning,
2026-09-30T04:47:40.1638300Z hint: call:
2026-09-30T04:47:40.1638979Z hint:
2026-09-30T04:47:40.1639780Z hint: 	git config --global init.defaultBranch <name>
2026-09-30T04:47:40.1640747Z hint:
2026-09-30T04:47:40.1641676Z hint: Names commonly chosen instead of 'master' are 'main', 'trunk' and
2026-09-30T04:47:40.1643248Z hint: 'development'. The just-created branch can be renamed via this command:
2026-09-30T04:47:40.1644478Z hint:
2026-09-30T04:47:40.1645337Z hint: 	git branch -m <name>
2026-09-30T04:47:40.1646090Z hint:
2026-09-30T04:47:40.1647088Z hint: Disable this message with "git config set advice.defaultBranchName false"
2026-09-30T04:47:40.1648883Z Initialized empty Git repository in /home/runner/work/Btc-15min-bot/Btc-15min-bot/.git/
2026-09-30T04:47:40.1659803Z [command]/usr/bin/git remote add origin https://github.com/yz272n2tpf-lab/Btc-15min-bot
2026-09-30T04:47:40.1712227Z ##[endgroup]
2026-09-30T04:47:40.1713811Z ##[group]Disabling automatic garbage collection
2026-09-30T04:47:40.1716925Z [command]/usr/bin/git config --local gc.auto 0
2026-09-30T04:47:40.1752076Z ##[endgroup]
2026-09-30T04:47:40.1753193Z ##[group]Setting up auth
2026-09-30T04:47:40.1760387Z [command]/usr/bin/git config --local --name-only --get-regexp core\.sshCommand
2026-09-30T04:47:40.1817245Z [command]/usr/bin/git submodule foreach --recursive sh -c "git config --local --name-only --get-regexp 'core\.sshCommand' && git config --local --unset-all 'core.sshCommand' || :"
2026-09-30T04:47:40.2263387Z [command]/usr/bin/git config --local --name-only --get-regexp http\.https\:\/\/github\.com\/\.extraheader
2026-09-30T04:47:40.2303794Z [command]/usr/bin/git submodule foreach --recursive sh -c "git config --local --name-only --get-regexp 'http\.https\:\/\/github\.com\/\.extraheader' && git config --local --unset-all 'http.https://github.com/.extraheader' || :"
2026-09-30T04:47:40.2540253Z [command]/usr/bin/git config --local --name-only --get-regexp ^includeIf\.gitdir:
2026-09-30T04:47:40.2578069Z [command]/usr/bin/git submodule foreach --recursive git config --local --show-origin --name-only --get-regexp remote.origin.url
2026-09-30T04:47:40.2809458Z [command]/usr/bin/git config --local http.https://github.com/.extraheader AUTHORIZATION: basic ***
2026-09-30T04:47:40.2853175Z ##[endgroup]
2026-09-30T04:47:40.2854096Z ##[group]Fetching the repository
2026-09-30T04:47:40.2865382Z [command]/usr/bin/git -c protocol.version=2 fetch --no-tags --prune --no-recurse-submodules --depth=1 origin +90a24b1189a6bae8403e46149313716d19f56229:refs/remotes/origin/qualification/main-capture-lifetime-20260930
2026-09-30T04:47:41.6378724Z From https://github.com/yz272n2tpf-lab/Btc-15min-bot
2026-09-30T04:47:41.6382534Z  * [new ref]         90a24b1189a6bae8403e46149313716d19f56229 -> origin/qualification/main-capture-lifetime-20260930
2026-09-30T04:47:41.6390011Z ##[endgroup]
2026-09-30T04:47:41.6392780Z ##[group]Determining the checkout info
2026-09-30T04:47:41.6396127Z ##[endgroup]
2026-09-30T04:47:41.6397943Z [command]/usr/bin/git sparse-checkout disable
2026-09-30T04:47:41.6457241Z [command]/usr/bin/git config --local --unset-all extensions.worktreeConfig
2026-09-30T04:47:41.6493352Z ##[group]Checking out the ref
2026-09-30T04:47:41.6505131Z [command]/usr/bin/git checkout --progress --force -B qualification/main-capture-lifetime-20260930 refs/remotes/origin/qualification/main-capture-lifetime-20260930
2026-09-30T04:47:41.9617200Z Switched to a new branch 'qualification/main-capture-lifetime-20260930'
2026-09-30T04:47:41.9621932Z branch 'qualification/main-capture-lifetime-20260930' set up to track 'origin/qualification/main-capture-lifetime-20260930'.
2026-09-30T04:47:41.9635467Z ##[endgroup]
2026-09-30T04:47:41.9684637Z [command]/usr/bin/git log -1 --format=%H
2026-09-30T04:47:41.9714742Z 90a24b1189a6bae8403e46149313716d19f56229
2026-09-30T04:47:41.9984364Z ##[group]Run actions/setup-python@v5
2026-09-30T04:47:41.9984779Z with:
2026-09-30T04:47:41.9985356Z   python-version: 3.12.14
2026-09-30T04:47:41.9985670Z   check-latest: false
2026-09-30T04:47:41.9988327Z   token: ***
2026-09-30T04:47:41.9988612Z   update-environment: true
2026-09-30T04:47:41.9988921Z   allow-prereleases: false
2026-09-30T04:47:41.9989220Z   freethreaded: false
2026-09-30T04:47:41.9989483Z env:
2026-09-30T04:47:41.9989739Z   PYTHONDONTWRITEBYTECODE: 1
2026-09-30T04:47:41.9990041Z   OPENBLAS_NUM_THREADS: 1
2026-09-30T04:47:41.9990327Z ##[endgroup]
2026-09-30T04:47:42.1368514Z ##[group]Installed versions
2026-09-30T04:47:42.1417370Z (node:2278) [DEP0040] DeprecationWarning: The `punycode` module is deprecated. Please use a userland alternative instead.
2026-09-30T04:47:42.1418937Z (Use `node --trace-deprecation ...` to show where the warning was created)
2026-09-30T04:47:42.1419996Z Successfully set up CPython (3.12.14)
2026-09-30T04:47:42.1421128Z ##[endgroup]
2026-09-30T04:47:42.1604442Z ##[group]Run python -m pip install -r requirements.txt
2026-09-30T04:47:42.1605229Z [36;1mpython -m pip install -r requirements.txt[0m
2026-09-30T04:47:42.1984370Z shell: /usr/bin/bash -e {0}
2026-09-30T04:47:42.1984825Z env:
2026-09-30T04:47:42.1985352Z   PYTHONDONTWRITEBYTECODE: 1
2026-09-30T04:47:42.1985742Z   OPENBLAS_NUM_THREADS: 1
2026-09-30T04:47:42.1986168Z   pythonLocation: /opt/hostedtoolcache/Python/3.12.14/x64
2026-09-30T04:47:42.1986781Z   PKG_CONFIG_PATH: /opt/hostedtoolcache/Python/3.12.14/x64/lib/pkgconfig
2026-09-30T04:47:42.1987382Z   Python_ROOT_DIR: /opt/hostedtoolcache/Python/3.12.14/x64
2026-09-30T04:47:42.1987916Z   Python2_ROOT_DIR: /opt/hostedtoolcache/Python/3.12.14/x64
2026-09-30T04:47:42.1988454Z   Python3_ROOT_DIR: /opt/hostedtoolcache/Python/3.12.14/x64
2026-09-30T04:47:42.1988994Z   LD_LIBRARY_PATH: /opt/hostedtoolcache/Python/3.12.14/x64/lib
2026-09-30T04:47:42.1989450Z ##[endgroup]
2026-09-30T04:47:43.4780321Z Collecting cryptography==50.0.0 (from -r requirements.txt (line 1))
2026-09-30T04:47:43.5928596Z   Downloading cryptography-50.0.0-cp311-abi3-manylinux_2_34_x86_64.whl.metadata (4.3 kB)
2026-09-30T04:47:43.8136622Z Collecting numpy==2.5.2 (from -r requirements.txt (line 2))
2026-09-30T04:47:43.8359053Z   Downloading numpy-2.5.2-cp312-cp312-manylinux_2_27_x86_64.manylinux_2_28_x86_64.whl.metadata (6.6 kB)
2026-09-30T04:47:43.9649495Z Collecting pandas==3.0.5 (from -r requirements.txt (line 3))
2026-09-30T04:47:43.9878829Z   Downloading pandas-3.0.5-cp312-cp312-manylinux_2_24_x86_64.manylinux_2_28_x86_64.whl.metadata (79 kB)
2026-09-30T04:47:44.0796849Z Collecting requests==2.32.5 (from -r requirements.txt (line 4))
2026-09-30T04:47:44.1013550Z   Downloading requests-2.32.5-py3-none-any.whl.metadata (4.9 kB)
2026-09-30T04:47:44.2000763Z Collecting scikit-learn==1.9.0 (from -r requirements.txt (line 5))
2026-09-30T04:47:44.2243684Z   Downloading scikit_learn-1.9.0-cp312-cp312-manylinux_2_27_x86_64.manylinux_2_28_x86_64.whl.metadata (11 kB)
2026-09-30T04:47:44.3694156Z Collecting scipy==1.18.1 (from -r requirements.txt (line 6))
2026-09-30T04:47:44.3922195Z   Downloading scipy-1.18.1-cp312-cp312-manylinux_2_27_x86_64.manylinux_2_28_x86_64.whl.metadata (62 kB)
2026-09-30T04:47:44.4466336Z Collecting joblib==1.5.3 (from -r requirements.txt (line 7))
2026-09-30T04:47:44.4689191Z   Downloading joblib-1.5.3-py3-none-any.whl.metadata (5.5 kB)
2026-09-30T04:47:44.6148658Z Collecting websockets==15.0.1 (from -r requirements.txt (line 8))
2026-09-30T04:47:44.6362386Z   Downloading websockets-15.0.1-cp312-cp312-manylinux_2_5_x86_64.manylinux1_x86_64.manylinux_2_17_x86_64.manylinux2014_x86_64.whl.metadata (6.8 kB)
2026-09-30T04:47:44.7552975Z Collecting cffi>=2.0.0 (from cryptography==50.0.0->-r requirements.txt (line 1))
2026-09-30T04:47:44.7769275Z   Downloading cffi-2.1.1-cp312-cp312-manylinux2014_x86_64.manylinux_2_17_x86_64.whl.metadata (2.5 kB)
2026-09-30T04:47:44.8105255Z Collecting python-dateutil>=2.8.2 (from pandas==3.0.5->-r requirements.txt (line 3))
2026-09-30T04:47:44.8321871Z   Downloading python_dateutil-2.9.0.post0-py2.py3-none-any.whl.metadata (8.4 kB)
2026-09-30T04:47:44.9763024Z Collecting charset_normalizer<4,>=2 (from requests==2.32.5->-r requirements.txt (line 4))
2026-09-30T04:47:44.9990232Z   Downloading charset_normalizer-3.5.2-cp312-cp312-manylinux2014_x86_64.manylinux_2_17_x86_64.manylinux_2_28_x86_64.whl.metadata (46 kB)
2026-09-30T04:47:45.0344412Z Collecting idna<4,>=2.5 (from requests==2.32.5->-r requirements.txt (line 4))
2026-09-30T04:47:45.0563658Z   Downloading idna-3.20-py3-none-any.whl.metadata (7.2 kB)
2026-09-30T04:47:45.0972935Z Collecting urllib3<3,>=1.21.1 (from requests==2.32.5->-r requirements.txt (line 4))
2026-09-30T04:47:45.1195870Z   Downloading urllib3-2.8.0-py3-none-any.whl.metadata (7.4 kB)
2026-09-30T04:47:45.1577434Z Collecting certifi>=2017.4.17 (from requests==2.32.5->-r requirements.txt (line 4))
2026-09-30T04:47:45.1796169Z   Downloading certifi-2026.7.22-py3-none-any.whl.metadata (2.5 kB)
2026-09-30T04:47:45.2319397Z Collecting narwhals>=2.0.1 (from scikit-learn==1.9.0->-r requirements.txt (line 5))
2026-09-30T04:47:45.2645962Z   Downloading narwhals-2.26.0-py3-none-any.whl.metadata (15 kB)
2026-09-30T04:47:45.2961557Z Collecting threadpoolctl>=3.5.0 (from scikit-learn==1.9.0->-r requirements.txt (line 5))
2026-09-30T04:47:45.3175635Z   Downloading threadpoolctl-3.7.0-py3-none-any.whl.metadata (24 kB)
2026-09-30T04:47:45.3522258Z Collecting pycparser (from cffi>=2.0.0->cryptography==50.0.0->-r requirements.txt (line 1))
2026-09-30T04:47:45.3747155Z   Downloading pycparser-3.0-py3-none-any.whl.metadata (8.2 kB)
2026-09-30T04:47:45.4063743Z Collecting six>=1.5 (from python-dateutil>=2.8.2->pandas==3.0.5->-r requirements.txt (line 3))
2026-09-30T04:47:45.4277665Z   Downloading six-1.17.0-py2.py3-none-any.whl.metadata (1.7 kB)
2026-09-30T04:47:45.4542511Z Downloading cryptography-50.0.0-cp311-abi3-manylinux_2_34_x86_64.whl (4.7 MB)
2026-09-30T04:47:45.6222161Z    ━━━━━━━━━━━━━━━━━━━━━━━━━━━━━━━━━━━━━━━━ 4.7/4.7 MB 35.6 MB/s  0:00:00
2026-09-30T04:47:45.6459989Z Downloading numpy-2.5.2-cp312-cp312-manylinux_2_27_x86_64.manylinux_2_28_x86_64.whl (16.7 MB)
2026-09-30T04:47:45.7951240Z    ━━━━━━━━━━━━━━━━━━━━━━━━━━━━━━━━━━━━━━━━ 16.7/16.7 MB 112.9 MB/s  0:00:00
2026-09-30T04:47:45.8166070Z Downloading pandas-3.0.5-cp312-cp312-manylinux_2_24_x86_64.manylinux_2_28_x86_64.whl (11.0 MB)
2026-09-30T04:47:45.8972581Z    ━━━━━━━━━━━━━━━━━━━━━━━━━━━━━━━━━━━━━━━━ 11.0/11.0 MB 138.9 MB/s  0:00:00
2026-09-30T04:47:45.9190889Z Downloading requests-2.32.5-py3-none-any.whl (64 kB)
2026-09-30T04:47:45.9428612Z Downloading scikit_learn-1.9.0-cp312-cp312-manylinux_2_27_x86_64.manylinux_2_28_x86_64.whl (9.1 MB)
2026-09-30T04:47:46.0023482Z    ━━━━━━━━━━━━━━━━━━━━━━━━━━━━━━━━━━━━━━━━ 9.1/9.1 MB 157.0 MB/s  0:00:00
2026-09-30T04:47:46.0240118Z Downloading scipy-1.18.1-cp312-cp312-manylinux_2_27_x86_64.manylinux_2_28_x86_64.whl (35.3 MB)
2026-09-30T04:47:46.1548877Z    ━━━━━━━━━━━━━━━━━━━━━━━━━━━━━━━━━━━━━━━━ 35.3/35.3 MB 273.9 MB/s  0:00:00
2026-09-30T04:47:46.1771196Z Downloading joblib-1.5.3-py3-none-any.whl (309 kB)
2026-09-30T04:47:46.2019166Z Downloading websockets-15.0.1-cp312-cp312-manylinux_2_5_x86_64.manylinux1_x86_64.manylinux_2_17_x86_64.manylinux2014_x86_64.whl (182 kB)
2026-09-30T04:47:46.2263584Z Downloading charset_normalizer-3.5.2-cp312-cp312-manylinux2014_x86_64.manylinux_2_17_x86_64.manylinux_2_28_x86_64.whl (257 kB)
2026-09-30T04:47:46.2533429Z Downloading idna-3.20-py3-none-any.whl (69 kB)
2026-09-30T04:47:46.2770640Z Downloading urllib3-2.8.0-py3-none-any.whl (135 kB)
2026-09-30T04:47:46.3010746Z Downloading certifi-2026.7.22-py3-none-any.whl (136 kB)
2026-09-30T04:47:46.3258099Z Downloading cffi-2.1.1-cp312-cp312-manylinux2014_x86_64.manylinux_2_17_x86_64.whl (221 kB)
2026-09-30T04:47:46.3503897Z Downloading narwhals-2.26.0-py3-none-any.whl (474 kB)
2026-09-30T04:47:46.3750552Z Downloading python_dateutil-2.9.0.post0-py2.py3-none-any.whl (229 kB)
2026-09-30T04:47:46.3995872Z Downloading six-1.17.0-py2.py3-none-any.whl (11 kB)
2026-09-30T04:47:46.4230900Z Downloading threadpoolctl-3.7.0-py3-none-any.whl (26 kB)
2026-09-30T04:47:46.4467287Z Downloading pycparser-3.0-py3-none-any.whl (48 kB)
2026-09-30T04:47:46.7123181Z Installing collected packages: websockets, urllib3, threadpoolctl, six, pycparser, numpy, narwhals, joblib, idna, charset_normalizer, certifi, scipy, requests, python-dateutil, cffi, scikit-learn, pandas, cryptography
2026-09-30T04:48:01.4690569Z 
2026-09-30T04:48:01.4713890Z Successfully installed certifi-2026.7.22 cffi-2.1.1 charset_normalizer-3.5.2 cryptography-50.0.0 idna-3.20 joblib-1.5.3 narwhals-2.26.0 numpy-2.5.2 pandas-3.0.5 pycparser-3.0 python-dateutil-2.9.0.post0 requests-2.32.5 scikit-learn-1.9.0 scipy-1.18.1 six-1.17.0 threadpoolctl-3.7.0 urllib3-2.8.0 websockets-15.0.1
2026-09-30T04:48:01.5769422Z ##[group]Run python -B -m unittest capture2.test_lifetime -v
2026-09-30T04:48:01.5769888Z [36;1mpython -B -m unittest capture2.test_lifetime -v[0m
2026-09-30T04:48:01.5837882Z shell: /usr/bin/bash -e {0}
2026-09-30T04:48:01.5838151Z env:
2026-09-30T04:48:01.5838359Z   PYTHONDONTWRITEBYTECODE: 1
2026-09-30T04:48:01.5838611Z   OPENBLAS_NUM_THREADS: 1
2026-09-30T04:48:01.5838902Z   pythonLocation: /opt/hostedtoolcache/Python/3.12.14/x64
2026-09-30T04:48:01.5839336Z   PKG_CONFIG_PATH: /opt/hostedtoolcache/Python/3.12.14/x64/lib/pkgconfig
2026-09-30T04:48:01.5839755Z   Python_ROOT_DIR: /opt/hostedtoolcache/Python/3.12.14/x64
2026-09-30T04:48:01.5840149Z   Python2_ROOT_DIR: /opt/hostedtoolcache/Python/3.12.14/x64
2026-09-30T04:48:01.5840530Z   Python3_ROOT_DIR: /opt/hostedtoolcache/Python/3.12.14/x64
2026-09-30T04:48:01.5840913Z   LD_LIBRARY_PATH: /opt/hostedtoolcache/Python/3.12.14/x64/lib
2026-09-30T04:48:01.5841230Z ##[endgroup]
2026-09-30T04:48:10.0221730Z KERNEL_CHURN {"created": 256, "active": 0, "retired": 256, "delivered": 1280, "dropped": 0, "pending": 0}
2026-09-30T04:48:10.0486517Z test_real_writer_256_automatic_retirements_preserve_every_packet (capture2.test_lifetime.LifetimeKernelTests.test_real_writer_256_automatic_retirements_preserve_every_packet) ... ok
2026-09-30T04:48:11.7872267Z CHURN {"active": 0, "created": 1024, "delivered": 3072, "dropped": 0, "pending": 0, "retired": 1024, "retired_flushed": 1024} HIGH_WATER 8
2026-09-30T04:48:11.8820151Z test_1024_short_lived_streams_complete_paginated_accounting (capture2.test_lifetime.LifetimeTests.test_1024_short_lived_streams_complete_paginated_accounting) ... ok
2026-09-30T04:48:11.9061209Z test_admission_bounds_reject_with_complete_failure_accounting (capture2.test_lifetime.LifetimeTests.test_admission_bounds_reject_with_complete_failure_accounting) ... ok
2026-09-30T04:48:11.9282776Z test_origin_exit_drains_then_retires_and_breaks_owner_cycle (capture2.test_lifetime.LifetimeTests.test_origin_exit_drains_then_retires_and_breaks_owner_cycle) ... ok
2026-09-30T04:48:11.9506129Z test_terminal_loss_remains_explicit_and_fails_closed (capture2.test_lifetime.LifetimeTests.test_terminal_loss_remains_explicit_and_fails_closed) ... ok
2026-09-30T04:48:11.9507254Z 
2026-09-30T04:48:11.9507449Z ----------------------------------------------------------------------
2026-09-30T04:48:11.9507897Z Ran 5 tests in 10.093s
2026-09-30T04:48:11.9508063Z 
2026-09-30T04:48:11.9508153Z OK
2026-09-30T04:48:11.9784562Z Post job cleanup.
2026-09-30T04:48:12.1029155Z (node:4898) [DEP0040] DeprecationWarning: The `punycode` module is deprecated. Please use a userland alternative instead.
2026-09-30T04:48:12.1030747Z (Use `node --trace-deprecation ...` to show where the warning was created)
2026-09-30T04:48:12.1303477Z Post job cleanup.
2026-09-30T04:48:12.2212723Z [command]/usr/bin/git version
2026-09-30T04:48:12.2256693Z git version 2.55.0
2026-09-30T04:48:12.2296386Z Temporarily overriding HOME='/home/runner/work/_temp/dbdfaac6-c281-49ab-83ba-03e581cc0e60' before making global git config changes
2026-09-30T04:48:12.2297709Z Adding repository directory to the temporary git global config as a safe directory
2026-09-30T04:48:12.2302343Z [command]/usr/bin/git config --global --add safe.directory /home/runner/work/Btc-15min-bot/Btc-15min-bot
2026-09-30T04:48:12.2342473Z [command]/usr/bin/git config --local --name-only --get-regexp core\.sshCommand
2026-09-30T04:48:12.2393292Z [command]/usr/bin/git submodule foreach --recursive sh -c "git config --local --name-only --get-regexp 'core\.sshCommand' && git config --local --unset-all 'core.sshCommand' || :"
2026-09-30T04:48:12.2696158Z [command]/usr/bin/git config --local --name-only --get-regexp http\.https\:\/\/github\.com\/\.extraheader
2026-09-30T04:48:12.2715698Z http.https://github.com/.extraheader
2026-09-30T04:48:12.2726549Z [command]/usr/bin/git config --local --unset-all http.https://github.com/.extraheader
2026-09-30T04:48:12.2780945Z [command]/usr/bin/git submodule foreach --recursive sh -c "git config --local --name-only --get-regexp 'http\.https\:\/\/github\.com\/\.extraheader' && git config --local --unset-all 'http.https://github.com/.extraheader' || :"
2026-09-30T04:48:12.3073833Z [command]/usr/bin/git config --local --name-only --get-regexp ^includeIf\.gitdir:
2026-09-30T04:48:12.3130924Z [command]/usr/bin/git submodule foreach --recursive git config --local --show-origin --name-only --get-regexp remote.origin.url
2026-09-30T04:48:12.3758183Z Cleaning up orphan processes
2026-09-30T04:48:12.4062088Z ##[warning]Node.js 20 is deprecated. The following actions target Node.js 20 but are being forced to run on Node.js 24: actions/checkout@v4, actions/setup-python@v5. For more information see: https://github.blog/changelog/2025-09-19-deprecation-of-node-20-on-github-actions-runners/

