2026-09-30T02:57:41.8299032Z Current runner version: '2.337.0'
2026-09-30T02:57:41.8323540Z ##[group]Runner Image Provisioner
2026-09-30T02:57:41.8324410Z Hosted Compute Agent
2026-09-30T02:57:41.8325076Z Version: 20260828.587
2026-09-30T02:57:41.8326101Z Commit: abac92662cab4cc7352de4f9f9d2e2419aad9c29
2026-09-30T02:57:41.8327040Z Build Date: 2026-08-28T16:44:25Z
2026-09-30T02:57:41.8327824Z Worker ID: {164a4379-6459-4dda-b5ec-8cd9a0f1e85c}
2026-09-30T02:57:41.8328585Z Azure Region: westus
2026-09-30T02:57:41.8329215Z ##[endgroup]
2026-09-30T02:57:41.8330957Z ##[group]Operating System
2026-09-30T02:57:41.8331611Z Ubuntu
2026-09-30T02:57:41.8332213Z 24.04.5
2026-09-30T02:57:41.8332729Z LTS
2026-09-30T02:57:41.8333260Z ##[endgroup]
2026-09-30T02:57:41.8333878Z ##[group]Runner Image
2026-09-30T02:57:41.8334469Z Image: ubuntu-24.04
2026-09-30T02:57:41.8335116Z Version: 20260920.314.1
2026-09-30T02:57:41.8336647Z Included Software: https://github.com/actions/runner-images/blob/ubuntu24/20260920.314/images/ubuntu/Ubuntu2404-Readme.md
2026-09-30T02:57:41.8338372Z Image Release: https://github.com/actions/runner-images/releases/tag/ubuntu24%2F20260920.314
2026-09-30T02:57:41.8339369Z ##[endgroup]
2026-09-30T02:57:41.8340532Z ##[group]GITHUB_TOKEN Permissions
2026-09-30T02:57:41.8342655Z Contents: read
2026-09-30T02:57:41.8343357Z Metadata: read
2026-09-30T02:57:41.8343917Z ##[endgroup]
2026-09-30T02:57:41.8346114Z Secret source: Actions
2026-09-30T02:57:41.8347541Z Cache mode: write
2026-09-30T02:57:41.8348464Z Prepare workflow directory
2026-09-30T02:57:41.8747880Z Prepare all required actions
2026-09-30T02:57:41.8796918Z Getting action download info
2026-09-30T02:57:42.2310990Z Download action repository 'actions/checkout@v4' (SHA:11d5960a326750d5838078e36cf38b85af677262)
2026-09-30T02:57:42.3285156Z Download action repository 'actions/setup-python@v5' (SHA:a26af69be951a213d495a4c3e4e4022e16d87065)
2026-09-30T02:57:42.5005701Z Complete job name: capture-only
2026-09-30T02:57:42.5756663Z ##[group]Run actions/checkout@v4
2026-09-30T02:57:42.5757599Z with:
2026-09-30T02:57:42.5758068Z   repository: yz272n2tpf-lab/Btc-15min-bot
2026-09-30T02:57:42.5762041Z   token: ***
2026-09-30T02:57:42.5762477Z   ssh-strict: true
2026-09-30T02:57:42.5762912Z   ssh-user: git
2026-09-30T02:57:42.5763352Z   persist-credentials: true
2026-09-30T02:57:42.5763842Z   clean: true
2026-09-30T02:57:42.5764292Z   sparse-checkout-cone-mode: true
2026-09-30T02:57:42.5764808Z   fetch-depth: 1
2026-09-30T02:57:42.5765228Z   fetch-tags: false
2026-09-30T02:57:42.5765666Z   show-progress: true
2026-09-30T02:57:42.5766300Z   lfs: false
2026-09-30T02:57:42.5766710Z   submodules: false
2026-09-30T02:57:42.5767168Z   set-safe-directory: true
2026-09-30T02:57:42.5767670Z   allow-unsafe-pr-checkout: false
2026-09-30T02:57:42.5768420Z env:
2026-09-30T02:57:42.5768856Z   PYTHONDONTWRITEBYTECODE: 1
2026-09-30T02:57:42.5769371Z   OPENBLAS_NUM_THREADS: 1
2026-09-30T02:57:42.5769844Z ##[endgroup]
2026-09-30T02:57:42.6798395Z Syncing repository: yz272n2tpf-lab/Btc-15min-bot
2026-09-30T02:57:42.6800804Z ##[group]Getting Git version info
2026-09-30T02:57:42.6801787Z Working directory is '/home/runner/work/Btc-15min-bot/Btc-15min-bot'
2026-09-30T02:57:42.6803125Z [command]/usr/bin/git version
2026-09-30T02:57:42.6902035Z git version 2.55.0
2026-09-30T02:57:42.6938369Z ##[endgroup]
2026-09-30T02:57:42.6946106Z Temporarily overriding HOME='/home/runner/work/_temp/ac717170-cc97-4575-9cc3-54db835dd187' before making global git config changes
2026-09-30T02:57:42.6948060Z Adding repository directory to the temporary git global config as a safe directory
2026-09-30T02:57:42.6953295Z [command]/usr/bin/git config --global --add safe.directory /home/runner/work/Btc-15min-bot/Btc-15min-bot
2026-09-30T02:57:42.7011337Z Deleting the contents of '/home/runner/work/Btc-15min-bot/Btc-15min-bot'
2026-09-30T02:57:42.7017664Z ##[group]Initializing the repository
2026-09-30T02:57:42.7021536Z [command]/usr/bin/git init /home/runner/work/Btc-15min-bot/Btc-15min-bot
2026-09-30T02:57:42.7149514Z hint: Using 'master' as the name for the initial branch. This default branch name
2026-09-30T02:57:42.7151678Z hint: will change to "main" in Git 3.0. To configure the initial branch name
2026-09-30T02:57:42.7156322Z hint: to use in all of your new repositories, which will suppress this warning,
2026-09-30T02:57:42.7157644Z hint: call:
2026-09-30T02:57:42.7158312Z hint:
2026-09-30T02:57:42.7159155Z hint: 	git config --global init.defaultBranch <name>
2026-09-30T02:57:42.7160173Z hint:
2026-09-30T02:57:42.7161143Z hint: Names commonly chosen instead of 'master' are 'main', 'trunk' and
2026-09-30T02:57:42.7162700Z hint: 'development'. The just-created branch can be renamed via this command:
2026-09-30T02:57:42.7163949Z hint:
2026-09-30T02:57:42.7164626Z hint: 	git branch -m <name>
2026-09-30T02:57:42.7165419Z hint:
2026-09-30T02:57:42.7166681Z hint: Disable this message with "git config set advice.defaultBranchName false"
2026-09-30T02:57:42.7168452Z Initialized empty Git repository in /home/runner/work/Btc-15min-bot/Btc-15min-bot/.git/
2026-09-30T02:57:42.7171206Z [command]/usr/bin/git remote add origin https://github.com/yz272n2tpf-lab/Btc-15min-bot
2026-09-30T02:57:42.7215113Z ##[endgroup]
2026-09-30T02:57:42.7216561Z ##[group]Disabling automatic garbage collection
2026-09-30T02:57:42.7221216Z [command]/usr/bin/git config --local gc.auto 0
2026-09-30T02:57:42.7253428Z ##[endgroup]
2026-09-30T02:57:42.7254588Z ##[group]Setting up auth
2026-09-30T02:57:42.7260752Z [command]/usr/bin/git config --local --name-only --get-regexp core\.sshCommand
2026-09-30T02:57:42.7295982Z [command]/usr/bin/git submodule foreach --recursive sh -c "git config --local --name-only --get-regexp 'core\.sshCommand' && git config --local --unset-all 'core.sshCommand' || :"
2026-09-30T02:57:42.7692213Z [command]/usr/bin/git config --local --name-only --get-regexp http\.https\:\/\/github\.com\/\.extraheader
2026-09-30T02:57:42.7732811Z [command]/usr/bin/git submodule foreach --recursive sh -c "git config --local --name-only --get-regexp 'http\.https\:\/\/github\.com\/\.extraheader' && git config --local --unset-all 'http.https://github.com/.extraheader' || :"
2026-09-30T02:57:42.7958146Z [command]/usr/bin/git config --local --name-only --get-regexp ^includeIf\.gitdir:
2026-09-30T02:57:42.7999479Z [command]/usr/bin/git submodule foreach --recursive git config --local --show-origin --name-only --get-regexp remote.origin.url
2026-09-30T02:57:42.8243275Z [command]/usr/bin/git config --local http.https://github.com/.extraheader AUTHORIZATION: basic ***
2026-09-30T02:57:42.8286280Z ##[endgroup]
2026-09-30T02:57:42.8287354Z ##[group]Fetching the repository
2026-09-30T02:57:42.8296680Z [command]/usr/bin/git -c protocol.version=2 fetch --no-tags --prune --no-recurse-submodules --depth=1 origin +ccefc4a1d56d11f3a2623087116fc8b9c5941e20:refs/remotes/origin/qualification/passive-producer-20260930
2026-09-30T02:57:44.4107183Z From https://github.com/yz272n2tpf-lab/Btc-15min-bot
2026-09-30T02:57:44.4109874Z  * [new ref]         ccefc4a1d56d11f3a2623087116fc8b9c5941e20 -> origin/qualification/passive-producer-20260930
2026-09-30T02:57:44.4115111Z ##[endgroup]
2026-09-30T02:57:44.4117695Z ##[group]Determining the checkout info
2026-09-30T02:57:44.4119409Z ##[endgroup]
2026-09-30T02:57:44.4121467Z [command]/usr/bin/git sparse-checkout disable
2026-09-30T02:57:44.4179539Z [command]/usr/bin/git config --local --unset-all extensions.worktreeConfig
2026-09-30T02:57:44.4214262Z ##[group]Checking out the ref
2026-09-30T02:57:44.4219139Z [command]/usr/bin/git checkout --progress --force -B qualification/passive-producer-20260930 refs/remotes/origin/qualification/passive-producer-20260930
2026-09-30T02:57:44.7289745Z Switched to a new branch 'qualification/passive-producer-20260930'
2026-09-30T02:57:44.7293735Z branch 'qualification/passive-producer-20260930' set up to track 'origin/qualification/passive-producer-20260930'.
2026-09-30T02:57:44.7307869Z ##[endgroup]
2026-09-30T02:57:44.7360110Z [command]/usr/bin/git log -1 --format=%H
2026-09-30T02:57:44.7389756Z ccefc4a1d56d11f3a2623087116fc8b9c5941e20
2026-09-30T02:57:44.7657082Z ##[group]Run actions/setup-python@v5
2026-09-30T02:57:44.7657482Z with:
2026-09-30T02:57:44.7657739Z   python-version: 3.12.14
2026-09-30T02:57:44.7658027Z   check-latest: false
2026-09-30T02:57:44.7660687Z   token: ***
2026-09-30T02:57:44.7660959Z   update-environment: true
2026-09-30T02:57:44.7661261Z   allow-prereleases: false
2026-09-30T02:57:44.7661552Z   freethreaded: false
2026-09-30T02:57:44.7661808Z env:
2026-09-30T02:57:44.7662057Z   PYTHONDONTWRITEBYTECODE: 1
2026-09-30T02:57:44.7662357Z   OPENBLAS_NUM_THREADS: 1
2026-09-30T02:57:44.7662633Z ##[endgroup]
2026-09-30T02:57:44.8966891Z ##[group]Installed versions
2026-09-30T02:57:44.9010890Z (node:2275) [DEP0040] DeprecationWarning: The `punycode` module is deprecated. Please use a userland alternative instead.
2026-09-30T02:57:44.9011906Z (Use `node --trace-deprecation ...` to show where the warning was created)
2026-09-30T02:57:44.9012887Z Successfully set up CPython (3.12.14)
2026-09-30T02:57:44.9021515Z ##[endgroup]
2026-09-30T02:57:44.9193433Z ##[group]Run python -B -m unittest capture2.test_composition sprint_evidence.test_quote_receive_capture -v
2026-09-30T02:57:44.9194882Z [36;1mpython -B -m unittest capture2.test_composition sprint_evidence.test_quote_receive_capture -v[0m
2026-09-30T02:57:44.9561526Z shell: /usr/bin/bash -e {0}
2026-09-30T02:57:44.9561959Z env:
2026-09-30T02:57:44.9562302Z   PYTHONDONTWRITEBYTECODE: 1
2026-09-30T02:57:44.9562703Z   OPENBLAS_NUM_THREADS: 1
2026-09-30T02:57:44.9563154Z   pythonLocation: /opt/hostedtoolcache/Python/3.12.14/x64
2026-09-30T02:57:44.9563795Z   PKG_CONFIG_PATH: /opt/hostedtoolcache/Python/3.12.14/x64/lib/pkgconfig
2026-09-30T02:57:44.9564421Z   Python_ROOT_DIR: /opt/hostedtoolcache/Python/3.12.14/x64
2026-09-30T02:57:44.9564998Z   Python2_ROOT_DIR: /opt/hostedtoolcache/Python/3.12.14/x64
2026-09-30T02:57:44.9565567Z   Python3_ROOT_DIR: /opt/hostedtoolcache/Python/3.12.14/x64
2026-09-30T02:57:44.9566281Z   LD_LIBRARY_PATH: /opt/hostedtoolcache/Python/3.12.14/x64/lib
2026-09-30T02:57:44.9566750Z ##[endgroup]
2026-09-30T02:57:45.6110513Z test_composed_native_tree_preserves_every_original_statement (capture2.test_composition.CompositionTests.test_composed_native_tree_preserves_every_original_statement) ... ok
2026-09-30T02:57:45.6193806Z test_existing_information_and_cohort_hooks_retained_once (capture2.test_composition.CompositionTests.test_existing_information_and_cohort_hooks_retained_once) ... ERROR
2026-09-30T02:57:45.6196549Z test_invalid_native_source_fails_before_execution (capture2.test_composition.CompositionTests.test_invalid_native_source_fails_before_execution) ... ok
2026-09-30T02:57:45.6201907Z test_original_packet_authentication_binding_and_tamper (capture2.test_composition.CompositionTests.test_original_packet_authentication_binding_and_tamper) ... ok
2026-09-30T02:57:45.6334211Z test_protected_assembly_preserves_original_strategy_ast (capture2.test_composition.CompositionTests.test_protected_assembly_preserves_original_strategy_ast) ... ERROR
2026-09-30T02:57:47.8064393Z test_real_detached_writer_preserves_all_offered_packets (capture2.test_composition.CompositionTests.test_real_detached_writer_preserves_all_offered_packets) ... ok
2026-09-30T02:57:47.8196831Z KALSHI QUOTE WS CONNECT | A | epoch=same-epoch | NO ORDERS
2026-09-30T02:57:47.8333350Z KALSHI QUOTE WS CONNECT | A | epoch=same-epoch | NO ORDERS
2026-09-30T02:57:47.8420980Z KALSHI QUOTE WS CONNECT | A | epoch=same-epoch | NO ORDERS
2026-09-30T02:57:47.8557968Z KALSHI QUOTE WS CONNECT | A | epoch=same-epoch | NO ORDERS
2026-09-30T02:57:47.8645806Z KALSHI QUOTE WS CONNECT | A | epoch=same-epoch | NO ORDERS
2026-09-30T02:57:47.8780311Z KALSHI QUOTE WS CONNECT | A | epoch=same-epoch | NO ORDERS
2026-09-30T02:57:47.8865978Z KALSHI QUOTE WS CONNECT | A | epoch=same-epoch | NO ORDERS
2026-09-30T02:57:47.8999195Z KALSHI QUOTE WS CONNECT | A | epoch=same-epoch | NO ORDERS
2026-09-30T02:57:47.9084871Z KALSHI QUOTE WS CONNECT | A | epoch=same-epoch | NO ORDERS
2026-09-30T02:57:47.9222062Z KALSHI QUOTE WS CONNECT | A | epoch=same-epoch | NO ORDERS
2026-09-30T02:57:47.9229848Z test_actual_provider_session_off_on_equal_valid_and_bad_streams (sprint_evidence.test_quote_receive_capture.QuoteCaptureTests.test_actual_provider_session_off_on_equal_valid_and_bad_streams) ... ok
2026-09-30T02:57:47.9232383Z test_clock_failure_never_manufactures_bracket (sprint_evidence.test_quote_receive_capture.QuoteCaptureTests.test_clock_failure_never_manufactures_bracket) ... ok
2026-09-30T02:57:47.9237505Z test_exact_original_receive_once_and_raw_identity (sprint_evidence.test_quote_receive_capture.QuoteCaptureTests.test_exact_original_receive_once_and_raw_identity) ... ok
2026-09-30T02:57:47.9244190Z test_observer_failure_does_not_change_return_or_exception (sprint_evidence.test_quote_receive_capture.QuoteCaptureTests.test_observer_failure_does_not_change_return_or_exception) ... ok
2026-09-30T02:57:47.9247360Z test_original_exception_identity_and_timeout_preserved (sprint_evidence.test_quote_receive_capture.QuoteCaptureTests.test_original_exception_identity_and_timeout_preserved) ... ok
2026-09-30T02:57:47.9249865Z test_overlap_equal_missing_and_other_epoch_fail_closed (sprint_evidence.test_quote_receive_capture.QuoteCaptureTests.test_overlap_equal_missing_and_other_epoch_fail_closed) ... ok
2026-09-30T02:57:47.9252398Z test_oversize_preserved_to_native_but_evidence_unavailable (sprint_evidence.test_quote_receive_capture.QuoteCaptureTests.test_oversize_preserved_to_native_but_evidence_unavailable) ... ok
2026-09-30T02:57:47.9664984Z test_source_pin_and_only_one_call_changed (sprint_evidence.test_quote_receive_capture.QuoteCaptureTests.test_source_pin_and_only_one_call_changed) ... ok
2026-09-30T02:57:47.9669718Z test_transport_drop_visible_and_no_retry (sprint_evidence.test_quote_receive_capture.QuoteCaptureTests.test_transport_drop_visible_and_no_retry) ... ok
2026-09-30T02:57:47.9670964Z 
2026-09-30T02:57:47.9671182Z ======================================================================
2026-09-30T02:57:47.9672426Z ERROR: test_existing_information_and_cohort_hooks_retained_once (capture2.test_composition.CompositionTests.test_existing_information_and_cohort_hooks_retained_once)
2026-09-30T02:57:47.9673699Z ----------------------------------------------------------------------
2026-09-30T02:57:47.9674257Z Traceback (most recent call last):
2026-09-30T02:57:47.9682376Z   File "/home/runner/work/Btc-15min-bot/Btc-15min-bot/capture2/test_composition.py", line 39, in test_existing_information_and_cohort_hooks_retained_once
2026-09-30T02:57:47.9683666Z     import btc15_information_native_offpath_candidate as original
2026-09-30T02:57:47.9684729Z   File "/home/runner/work/Btc-15min-bot/Btc-15min-bot/btc15_information_native_offpath_candidate.py", line 20, in <module>
2026-09-30T02:57:47.9685608Z     from btc15_information_v1 import (
2026-09-30T02:57:47.9686708Z   File "/home/runner/work/Btc-15min-bot/Btc-15min-bot/btc15_information_v1.py", line 16, in <module>
2026-09-30T02:57:47.9687472Z     import numpy as np
2026-09-30T02:57:47.9687930Z ModuleNotFoundError: No module named 'numpy'
2026-09-30T02:57:47.9688261Z 
2026-09-30T02:57:47.9688446Z ======================================================================
2026-09-30T02:57:47.9689605Z ERROR: test_protected_assembly_preserves_original_strategy_ast (capture2.test_composition.CompositionTests.test_protected_assembly_preserves_original_strategy_ast)
2026-09-30T02:57:47.9690898Z ----------------------------------------------------------------------
2026-09-30T02:57:47.9691448Z Traceback (most recent call last):
2026-09-30T02:57:47.9692536Z   File "/home/runner/work/Btc-15min-bot/Btc-15min-bot/capture2/test_composition.py", line 48, in test_protected_assembly_preserves_original_strategy_ast
2026-09-30T02:57:47.9693677Z     left=original.assemble(Path(a));right=assemble_main(Path(b))
2026-09-30T02:57:47.9694229Z          ^^^^^^^^^^^^^^^^^^^^^^^^^^
2026-09-30T02:57:47.9695021Z   File "/home/runner/work/Btc-15min-bot/Btc-15min-bot/btc15_information_install_v1.py", line 32, in assemble
2026-09-30T02:57:47.9696447Z     from btc15_information_v1 import FIELD_CLASSES, PR36_BLOB, BOT
2026-09-30T02:57:47.9697325Z   File "/home/runner/work/Btc-15min-bot/Btc-15min-bot/btc15_information_v1.py", line 16, in <module>
2026-09-30T02:57:47.9698062Z     import numpy as np
2026-09-30T02:57:47.9698462Z ModuleNotFoundError: No module named 'numpy'
2026-09-30T02:57:47.9698779Z 
2026-09-30T02:57:47.9699011Z ----------------------------------------------------------------------
2026-09-30T02:57:47.9699514Z Ran 15 tests in 2.635s
2026-09-30T02:57:47.9699730Z 
2026-09-30T02:57:47.9699868Z FAILED (errors=2)
2026-09-30T02:57:47.9870115Z ##[error]Process completed with exit code 1.
2026-09-30T02:57:48.0026626Z Post job cleanup.
2026-09-30T02:57:48.0870397Z [command]/usr/bin/git version
2026-09-30T02:57:48.0911798Z git version 2.55.0
2026-09-30T02:57:48.0949763Z Temporarily overriding HOME='/home/runner/work/_temp/b6d05387-6914-43e3-81ad-6f99d805cf41' before making global git config changes
2026-09-30T02:57:48.0951427Z Adding repository directory to the temporary git global config as a safe directory
2026-09-30T02:57:48.0955201Z [command]/usr/bin/git config --global --add safe.directory /home/runner/work/Btc-15min-bot/Btc-15min-bot
2026-09-30T02:57:48.0995009Z [command]/usr/bin/git config --local --name-only --get-regexp core\.sshCommand
2026-09-30T02:57:48.1030377Z [command]/usr/bin/git submodule foreach --recursive sh -c "git config --local --name-only --get-regexp 'core\.sshCommand' && git config --local --unset-all 'core.sshCommand' || :"
2026-09-30T02:57:48.1282395Z [command]/usr/bin/git config --local --name-only --get-regexp http\.https\:\/\/github\.com\/\.extraheader
2026-09-30T02:57:48.1312920Z http.https://github.com/.extraheader
2026-09-30T02:57:48.1347533Z [command]/usr/bin/git config --local --unset-all http.https://github.com/.extraheader
2026-09-30T02:57:48.1376291Z [command]/usr/bin/git submodule foreach --recursive sh -c "git config --local --name-only --get-regexp 'http\.https\:\/\/github\.com\/\.extraheader' && git config --local --unset-all 'http.https://github.com/.extraheader' || :"
2026-09-30T02:57:48.1724060Z [command]/usr/bin/git config --local --name-only --get-regexp ^includeIf\.gitdir:
2026-09-30T02:57:48.1777370Z [command]/usr/bin/git submodule foreach --recursive git config --local --show-origin --name-only --get-regexp remote.origin.url
2026-09-30T02:57:48.2228874Z Cleaning up orphan processes
2026-09-30T02:57:48.2510556Z ##[warning]Node.js 20 is deprecated. The following actions target Node.js 20 but are being forced to run on Node.js 24: actions/checkout@v4, actions/setup-python@v5. For more information see: https://github.blog/changelog/2025-09-19-deprecation-of-node-20-on-github-actions-runners/
